Component: ARM Compiler 5.05 update 2 (build 169) Tool: armlink [4d0f33]

==============================================================================

Section Cross References

    stm32f2xx_hal_dma_ex.o(i.HAL_DMAEx_MultiBufferStart) refers to stm32f2xx_hal_dma_ex.o(i.DMA_MultiBufferSetConfig) for DMA_MultiBufferSetConfig
    stm32f2xx_hal_dma_ex.o(i.HAL_DMAEx_MultiBufferStart_IT) refers to stm32f2xx_hal_dma_ex.o(i.DMA_MultiBufferSetConfig) for DMA_MultiBufferSetConfig
    stm32f2xx_hal_rcc_ex.o(i.HAL_RCCEx_PeriphCLKConfig) refers to stm32f2xx_hal.o(i.HAL_GetTick) for HAL_GetTick
    stm32f2xx_hal_rtc_ex.o(i.HAL_RTCEx_DeactivateCoarseCalib) refers to stm32f2xx_hal_rtc.o(i.RTC_EnterInitMode) for RTC_EnterInitMode
    stm32f2xx_hal_rtc_ex.o(i.HAL_RTCEx_DeactivateRefClock) refers to stm32f2xx_hal_rtc.o(i.RTC_EnterInitMode) for RTC_EnterInitMode
    stm32f2xx_hal_rtc_ex.o(i.HAL_RTCEx_DeactivateWakeUpTimer) refers to stm32f2xx_hal.o(i.HAL_GetTick) for HAL_GetTick
    stm32f2xx_hal_rtc_ex.o(i.HAL_RTCEx_GetTimeStamp) refers to stm32f2xx_hal_rtc.o(i.RTC_Bcd2ToByte) for RTC_Bcd2ToByte
    stm32f2xx_hal_rtc_ex.o(i.HAL_RTCEx_PollForAlarmBEvent) refers to stm32f2xx_hal.o(i.HAL_GetTick) for HAL_GetTick
    stm32f2xx_hal_rtc_ex.o(i.HAL_RTCEx_PollForTamper1Event) refers to stm32f2xx_hal.o(i.HAL_GetTick) for HAL_GetTick
    stm32f2xx_hal_rtc_ex.o(i.HAL_RTCEx_PollForTimeStampEvent) refers to stm32f2xx_hal.o(i.HAL_GetTick) for HAL_GetTick
    stm32f2xx_hal_rtc_ex.o(i.HAL_RTCEx_PollForWakeUpTimerEvent) refers to stm32f2xx_hal.o(i.HAL_GetTick) for HAL_GetTick
    stm32f2xx_hal_rtc_ex.o(i.HAL_RTCEx_SetCoarseCalib) refers to stm32f2xx_hal_rtc.o(i.RTC_EnterInitMode) for RTC_EnterInitMode
    stm32f2xx_hal_rtc_ex.o(i.HAL_RTCEx_SetRefClock) refers to stm32f2xx_hal_rtc.o(i.RTC_EnterInitMode) for RTC_EnterInitMode
    stm32f2xx_hal_rtc_ex.o(i.HAL_RTCEx_SetWakeUpTimer) refers to stm32f2xx_hal.o(i.HAL_GetTick) for HAL_GetTick
    stm32f2xx_hal_rtc_ex.o(i.HAL_RTCEx_SetWakeUpTimer_IT) refers to stm32f2xx_hal.o(i.HAL_GetTick) for HAL_GetTick
    stm32f2xx_hal_rtc_ex.o(i.HAL_RTCEx_TamperTimeStampIRQHandler) refers to stm32f2xx_hal_rtc_ex.o(i.HAL_RTCEx_TimeStampEventCallback) for HAL_RTCEx_TimeStampEventCallback
    stm32f2xx_hal_rtc_ex.o(i.HAL_RTCEx_TamperTimeStampIRQHandler) refers to stm32f2xx_hal_rtc_ex.o(i.HAL_RTCEx_Tamper1EventCallback) for HAL_RTCEx_Tamper1EventCallback
    stm32f2xx_hal_rtc_ex.o(i.HAL_RTCEx_WakeUpTimerIRQHandler) refers to stm32f2xx_hal_rtc_ex.o(i.HAL_RTCEx_WakeUpTimerEventCallback) for HAL_RTCEx_WakeUpTimerEventCallback
    stm32f2xx_hal_flash_ex.o(i.HAL_FLASHEx_Erase) refers to stm32f2xx_hal_flash.o(i.FLASH_WaitForLastOperation) for FLASH_WaitForLastOperation
    stm32f2xx_hal_flash_ex.o(i.HAL_FLASHEx_Erase) refers to stm32f2xx_hal_flash_ex.o(i.FLASH_MassErase) for FLASH_MassErase
    stm32f2xx_hal_flash_ex.o(i.HAL_FLASHEx_Erase) refers to stm32f2xx_hal_flash_ex.o(i.FLASH_Erase_Sector) for FLASH_Erase_Sector
    stm32f2xx_hal_flash_ex.o(i.HAL_FLASHEx_Erase) refers to stm32f2xx_hal_flash_ex.o(i.FLASH_FlushCaches) for FLASH_FlushCaches
    stm32f2xx_hal_flash_ex.o(i.HAL_FLASHEx_Erase) refers to stm32f2xx_hal_flash.o(.bss) for pFlash
    stm32f2xx_hal_flash_ex.o(i.HAL_FLASHEx_Erase_IT) refers to stm32f2xx_hal_flash_ex.o(i.FLASH_Erase_Sector) for FLASH_Erase_Sector
    stm32f2xx_hal_flash_ex.o(i.HAL_FLASHEx_Erase_IT) refers to stm32f2xx_hal_flash_ex.o(i.FLASH_MassErase) for FLASH_MassErase
    stm32f2xx_hal_flash_ex.o(i.HAL_FLASHEx_Erase_IT) refers to stm32f2xx_hal_flash.o(.bss) for pFlash
    stm32f2xx_hal_flash_ex.o(i.HAL_FLASHEx_OBProgram) refers to stm32f2xx_hal_flash.o(i.FLASH_WaitForLastOperation) for FLASH_WaitForLastOperation
    stm32f2xx_hal_flash_ex.o(i.HAL_FLASHEx_OBProgram) refers to stm32f2xx_hal_flash.o(.bss) for pFlash
    stm32f2xx_hal_rtc.o(i.HAL_RTC_AlarmIRQHandler) refers to stm32f2xx_hal_rtc.o(i.HAL_RTC_AlarmAEventCallback) for HAL_RTC_AlarmAEventCallback
    stm32f2xx_hal_rtc.o(i.HAL_RTC_AlarmIRQHandler) refers to stm32f2xx_hal_rtc_ex.o(i.HAL_RTCEx_AlarmBEventCallback) for HAL_RTCEx_AlarmBEventCallback
    stm32f2xx_hal_rtc.o(i.HAL_RTC_DeInit) refers to stm32f2xx_hal_rtc.o(i.RTC_EnterInitMode) for RTC_EnterInitMode
    stm32f2xx_hal_rtc.o(i.HAL_RTC_DeInit) refers to stm32f2xx_hal.o(i.HAL_GetTick) for HAL_GetTick
    stm32f2xx_hal_rtc.o(i.HAL_RTC_DeInit) refers to stm32f2xx_hal_rtc.o(i.HAL_RTC_WaitForSynchro) for HAL_RTC_WaitForSynchro
    stm32f2xx_hal_rtc.o(i.HAL_RTC_DeInit) refers to stm32f2xx_hal_msp.o(i.HAL_RTC_MspDeInit) for HAL_RTC_MspDeInit
    stm32f2xx_hal_rtc.o(i.HAL_RTC_DeactivateAlarm) refers to stm32f2xx_hal.o(i.HAL_GetTick) for HAL_GetTick
    stm32f2xx_hal_rtc.o(i.HAL_RTC_GetAlarm) refers to stm32f2xx_hal_rtc.o(i.RTC_Bcd2ToByte) for RTC_Bcd2ToByte
    stm32f2xx_hal_rtc.o(i.HAL_RTC_GetDate) refers to stm32f2xx_hal_rtc.o(i.RTC_Bcd2ToByte) for RTC_Bcd2ToByte
    stm32f2xx_hal_rtc.o(i.HAL_RTC_GetTime) refers to stm32f2xx_hal_rtc.o(i.RTC_Bcd2ToByte) for RTC_Bcd2ToByte
[...]
    ../Drivers/STM32F2xx_HAL_Driver/Src/stm32f2xx_hal_flash.c 0x00000000   Number         0  stm32f2xx_hal_flash.o ABSOLUTE
    ../Drivers/STM32F2xx_HAL_Driver/Src/stm32f2xx_hal_flash_ex.c 0x00000000   Number         0  stm32f2xx_hal_flash_ex.o ABSOLUTE
    ../Drivers/STM32F2xx_HAL_Driver/Src/stm32f2xx_hal_gpio.c 0x00000000   Number         0  stm32f2xx_hal_gpio.o ABSOLUTE
    ../Drivers/STM32F2xx_HAL_Driver/Src/stm32f2xx_hal_pcd.c 0x00000000   Number         0  stm32f2xx_hal_pcd.o ABSOLUTE
    ../Drivers/STM32F2xx_HAL_Driver/Src/stm32f2xx_hal_pcd_ex.c 0x00000000   Number         0  stm32f2xx_hal_pcd_ex.o ABSOLUTE
    ../Drivers/STM32F2xx_HAL_Driver/Src/stm32f2xx_hal_pwr.c 0x00000000   Number         0  stm32f2xx_hal_pwr.o ABSOLUTE
    ../Drivers/STM32F2xx_HAL_Driver/Src/stm32f2xx_hal_pwr_ex.c 0x00000000   Number         0  stm32f2xx_hal_pwr_ex.o ABSOLUTE
    ../Drivers/STM32F2xx_HAL_Driver/Src/stm32f2xx_hal_rcc.c 0x00000000   Number         0  stm32f2xx_hal_rcc.o ABSOLUTE
    ../Drivers/STM32F2xx_HAL_Driver/Src/stm32f2xx_hal_rcc_ex.c 0x00000000   Number         0  stm32f2xx_hal_rcc_ex.o ABSOLUTE
    ../Drivers/STM32F2xx_HAL_Driver/Src/stm32f2xx_hal_rng.c 0x00000000   Number         0  stm32f2xx_hal_rng.o ABSOLUTE
    ../Drivers/STM32F2xx_HAL_Driver/Src/stm32f2xx_hal_rtc.c 0x00000000   Number         0  stm32f2xx_hal_rtc.o ABSOLUTE
    ../Drivers/STM32F2xx_HAL_Driver/Src/stm32f2xx_hal_rtc_ex.c 0x00000000   Number         0  stm32f2xx_hal_rtc_ex.o ABSOLUTE
    ../Drivers/STM32F2xx_HAL_Driver/Src/stm32f2xx_hal_tim.c 0x00000000   Number         0  stm32f2xx_hal_tim.o ABSOLUTE
    ../Drivers/STM32F2xx_HAL_Driver/Src/stm32f2xx_hal_tim_ex.c 0x00000000   Number         0  stm32f2xx_hal_tim_ex.o ABSOLUTE
    ../Drivers/STM32F2xx_HAL_Driver/Src/stm32f2xx_ll_usb.c 0x00000000   Number         0  stm32f2xx_ll_usb.o ABSOLUTE
    ../Middlewares/ST/STM32_USB_Device_Library/Class/CustomHID/Src/usbd_customhid.c 0x00000000   Number         0  usbd_customhid.o ABSOLUTE
    ../Middlewares/ST/STM32_USB_Device_Library/Core/Src/usbd_core.c 0x00000000   Number         0  usbd_core.o ABSOLUTE
    ../Middlewares/ST/STM32_USB_Device_Library/Core/Src/usbd_ctlreq.c 0x00000000   Number         0  usbd_ctlreq.o ABSOLUTE
    ../Middlewares/ST/STM32_USB_Device_Library/Core/Src/usbd_ioreq.c 0x00000000   Number         0  usbd_ioreq.o ABSOLUTE
    ../Src/main.c                            0x00000000   Number         0  main.o ABSOLUTE
    ../Src/stm32f2xx_hal_msp.c               0x00000000   Number         0  stm32f2xx_hal_msp.o ABSOLUTE
    ../Src/stm32f2xx_it.c                    0x00000000   Number         0  stm32f2xx_it.o ABSOLUTE
    ../Src/usb_device.c                      0x00000000   Number         0  usb_device.o ABSOLUTE
    ../Src/usbd_conf.c                       0x00000000   Number         0  usbd_conf.o ABSOLUTE
    ../Src/usbd_custom_hid_if.c              0x00000000   Number         0  usbd_custom_hid_if.o ABSOLUTE
    ../Src/usbd_desc.c                       0x00000000   Number         0  usbd_desc.o ABSOLUTE
    ../clib/../cmprslib/zerorunl2.c          0x00000000   Number         0  __dczerorl2.o ABSOLUTE
    ../clib/microlib/init/entry.s            0x00000000   Number         0  entry8b.o ABSOLUTE
    ../clib/microlib/init/entry.s            0x00000000   Number         0  entry8a.o ABSOLUTE
    ../clib/microlib/init/entry.s            0x00000000   Number         0  entry9a.o ABSOLUTE
    ../clib/microlib/init/entry.s            0x00000000   Number         0  entry.o ABSOLUTE
    ../clib/microlib/init/entry.s            0x00000000   Number         0  entry2.o ABSOLUTE
    ../clib/microlib/init/entry.s            0x00000000   Number         0  entry5.o ABSOLUTE
    ../clib/microlib/init/entry.s            0x00000000   Number         0  entry7a.o ABSOLUTE
    ../clib/microlib/init/entry.s            0x00000000   Number         0  entry7b.o ABSOLUTE
    ../clib/microlib/init/entry.s            0x00000000   Number         0  entry11b.o ABSOLUTE
    ../clib/microlib/init/entry.s            0x00000000   Number         0  entry11a.o ABSOLUTE
    ../clib/microlib/init/entry.s            0x00000000   Number         0  entry10b.o ABSOLUTE
    ../clib/microlib/init/entry.s            0x00000000   Number         0  entry10a.o ABSOLUTE
    ../clib/microlib/init/entry.s            0x00000000   Number         0  entry9b.o ABSOLUTE
    ../clib/microlib/malloc/malloc.c         0x00000000   Number         0  mallocr.o ABSOLUTE
    ../clib/microlib/malloc/malloc.c         0x00000000   Number         0  malloc.o ABSOLUTE
    ../clib/microlib/malloc/malloc.c         0x00000000   Number         0  mallocra.o ABSOLUTE
    ../clib/microlib/malloc/malloc.c         0x00000000   Number         0  malloca.o ABSOLUTE
    ../clib/microlib/malloc/mvars.c          0x00000000   Number         0  mvars.o ABSOLUTE
    ../clib/microlib/string/memcpy.c         0x00000000   Number         0  memcpya.o ABSOLUTE
    ../clib/microlib/string/memcpy.c         0x00000000   Number         0  memcpyb.o ABSOLUTE
    ../clib/microlib/string/memset.c         0x00000000   Number         0  memseta.o ABSOLUTE
    ..\Drivers\CMSIS\Device\ST\STM32F2xx\Source\Templates\system_stm32f2xx.c 0x00000000   Number         0  system_stm32f2xx.o ABSOLUTE
    ..\Drivers\STM32F2xx_HAL_Driver\Src\stm32f2xx_hal.c 0x00000000   Number         0  stm32f2xx_hal.o ABSOLUTE
    ..\Drivers\STM32F2xx_HAL_Driver\Src\stm32f2xx_hal_cortex.c 0x00000000   Number         0  stm32f2xx_hal_cortex.o ABSOLUTE
    ..\Drivers\STM32F2xx_HAL_Driver\Src\stm32f2xx_hal_crc.c 0x00000000   Number         0  stm32f2xx_hal_crc.o ABSOLUTE
    ..\Drivers\STM32F2xx_HAL_Driver\Src\stm32f2xx_hal_dma.c 0x00000000   Number         0  stm32f2xx_hal_dma.o ABSOLUTE
    ..\Drivers\STM32F2xx_HAL_Driver\Src\stm32f2xx_hal_dma_ex.c 0x00000000   Number         0  stm32f2xx_hal_dma_ex.o ABSOLUTE
    ..\Drivers\STM32F2xx_HAL_Driver\Src\stm32f2xx_hal_flash.c 0x00000000   Number         0  stm32f2xx_hal_flash.o ABSOLUTE
    ..\Drivers\STM32F2xx_HAL_Driver\Src\stm32f2xx_hal_flash_ex.c 0x00000000   Number         0  stm32f2xx_hal_flash_ex.o ABSOLUTE
    ..\Drivers\STM32F2xx_HAL_Driver\Src\stm32f2xx_hal_gpio.c 0x00000000   Number         0  stm32f2xx_hal_gpio.o ABSOLUTE
    ..\Drivers\STM32F2xx_HAL_Driver\Src\stm32f2xx_hal_pcd.c 0x00000000   Number         0  stm32f2xx_hal_pcd.o ABSOLUTE
    ..\Drivers\STM32F2xx_HAL_Driver\Src\stm32f2xx_hal_pcd_ex.c 0x00000000   Number         0  stm32f2xx_hal_pcd_ex.o ABSOLUTE
    ..\Drivers\STM32F2xx_HAL_Driver\Src\stm32f2xx_hal_pwr.c 0x00000000   Number         0  stm32f2xx_hal_pwr.o ABSOLUTE
    ..\Drivers\STM32F2xx_HAL_Driver\Src\stm32f2xx_hal_pwr_ex.c 0x00000000   Number         0  stm32f2xx_hal_pwr_ex.o ABSOLUTE
    ..\Drivers\STM32F2xx_HAL_Driver\Src\stm32f2xx_hal_rcc.c 0x00000000   Number         0  stm32f2xx_hal_rcc.o ABSOLUTE
    ..\Drivers\STM32F2xx_HAL_Driver\Src\stm32f2xx_hal_rcc_ex.c 0x00000000   Number         0  stm32f2xx_hal_rcc_ex.o ABSOLUTE
    ..\Drivers\STM32F2xx_HAL_Driver\Src\stm32f2xx_hal_rng.c 0x00000000   Number         0  stm32f2xx_hal_rng.o ABSOLUTE
    ..\Drivers\STM32F2xx_HAL_Driver\Src\stm32f2xx_hal_rtc.c 0x00000000   Number         0  stm32f2xx_hal_rtc.o ABSOLUTE
    ..\Drivers\STM32F2xx_HAL_Driver\Src\stm32f2xx_hal_rtc_ex.c 0x00000000   Number         0  stm32f2xx_hal_rtc_ex.o ABSOLUTE
    ..\Drivers\STM32F2xx_HAL_Driver\Src\stm32f2xx_hal_tim.c 0x00000000   Number         0  stm32f2xx_hal_tim.o ABSOLUTE
    ..\Drivers\STM32F2xx_HAL_Driver\Src\stm32f2xx_hal_tim_ex.c 0x00000000   Number         0  stm32f2xx_hal_tim_ex.o ABSOLUTE
    ..\Drivers\STM32F2xx_HAL_Driver\Src\stm32f2xx_ll_usb.c 0x00000000   Number         0  stm32f2xx_ll_usb.o ABSOLUTE
    ..\Middlewares\ST\STM32_USB_Device_Library\Class\CustomHID\Src\usbd_customhid.c 0x00000000   Number         0  usbd_customhid.o ABSOLUTE
    ..\Middlewares\ST\STM32_USB_Device_Library\Core\Src\usbd_core.c 0x00000000   Number         0  usbd_core.o ABSOLUTE
    ..\Middlewares\ST\STM32_USB_Device_Library\Core\Src\usbd_ctlreq.c 0x00000000   Number         0  usbd_ctlreq.o ABSOLUTE
    ..\Middlewares\ST\STM32_USB_Device_Library\Core\Src\usbd_ioreq.c 0x00000000   Number         0  usbd_ioreq.o ABSOLUTE
    ..\Src\main.c                            0x00000000   Number         0  main.o ABSOLUTE
    ..\Src\stm32f2xx_hal_msp.c               0x00000000   Number         0  stm32f2xx_hal_msp.o ABSOLUTE
    ..\Src\stm32f2xx_it.c                    0x00000000   Number         0  stm32f2xx_it.o ABSOLUTE
    ..\Src\usb_device.c                      0x00000000   Number         0  usb_device.o ABSOLUTE
    ..\Src\usbd_conf.c                       0x00000000   Number         0  usbd_conf.o ABSOLUTE
    ..\Src\usbd_custom_hid_if.c              0x00000000   Number         0  usbd_custom_hid_if.o ABSOLUTE
    ..\Src\usbd_desc.c                       0x00000000   Number         0  usbd_desc.o ABSOLUTE
    dc.s                                     0x00000000   Number         0  dc.o ABSOLUTE
    handlers.s                               0x00000000   Number         0  handlers.o ABSOLUTE
    init.s                                   0x00000000   Number         0  init.o ABSOLUTE
    startup_stm32f205xx.s                    0x00000000   Number         0  startup_stm32f205xx.o ABSOLUTE
    RESET                                    0x08000000   Section      388  startup_stm32f205xx.o(RESET)
    .ARM.Collect$$$$00000000                 0x08000184   Section        0  entry.o(.ARM.Collect$$$$00000000)
    .ARM.Collect$$$$00000001                 0x08000184   Section        4  entry2.o(.ARM.Collect$$$$00000001)
    .ARM.Collect$$$$00000004                 0x08000188   Section        4  entry5.o(.ARM.Collect$$$$00000004)
    .ARM.Collect$$$$00000008                 0x0800018c   Section        0  entry7b.o(.ARM.Collect$$$$00000008)
    .ARM.Collect$$$$0000000A                 0x0800018c   Section        0  entry8b.o(.ARM.Collect$$$$0000000A)
    .ARM.Collect$$$$0000000B                 0x0800018c   Section        8  entry9a.o(.ARM.Collect$$$$0000000B)
    .ARM.Collect$$$$0000000D                 0x08000194   Section        0  entry10a.o(.ARM.Collect$$$$0000000D)
    .ARM.Collect$$$$0000000F                 0x08000194   Section        0  entry11a.o(.ARM.Collect$$$$0000000F)
    .ARM.Collect$$$$00002712                 0x08000194   Section        4  entry2.o(.ARM.Collect$$$$00002712)
    __lit__00000000                          0x08000194   Data           4  entry2.o(.ARM.Collect$$$$00002712)
    .text                                    0x08000198   Section       36  startup_stm32f205xx.o(.text)
    .text                                    0x080001bc   Section        0  memcpya.o(.text)
    .text                                    0x080001e0   Section        0  memseta.o(.text)
    .text                                    0x08000204   Section       36  init.o(.text)
    .text                                    0x08000228   Section        0  __dczerorl2.o(.text)
    i.CLR_USB_TX_RX_Buffers                  0x08000280   Section        0  main.o(i.CLR_USB_TX_RX_Buffers)
    CLR_USB_TX_RX_Buffers                    0x08000281   Thumb Code    24  main.o(i.CLR_USB_TX_RX_Buffers)
    i.CUSTOM_HID_DeInit_FS                   0x0800029c   Section        0  usbd_custom_hid_if.o(i.CUSTOM_HID_DeInit_FS)
    CUSTOM_HID_DeInit_FS                     0x0800029d   Thumb Code     4  usbd_custom_hid_if.o(i.CUSTOM_HID_DeInit_FS)
    i.CUSTOM_HID_Init_FS                     0x080002a0   Section        0  usbd_custom_hid_if.o(i.CUSTOM_HID_Init_FS)
    CUSTOM_HID_Init_FS                       0x080002a1   Thumb Code    10  usbd_custom_hid_if.o(i.CUSTOM_HID_Init_FS)
    i.CUSTOM_HID_OutEvent_FS                 0x080002b4   Section        0  usbd_custom_hid_if.o(i.CUSTOM_HID_OutEvent_FS)
    CUSTOM_HID_OutEvent_FS                   0x080002b5   Thumb Code    28  usbd_custom_hid_if.o(i.CUSTOM_HID_OutEvent_FS)
    i.HAL_CRC_Init                           0x080002d8   Section        0  stm32f2xx_hal_crc.o(i.HAL_CRC_Init)
    i.HAL_CRC_MspInit                        0x08000300   Section        0  stm32f2xx_hal_msp.o(i.HAL_CRC_MspInit)
    i.HAL_Delay                              0x08000328   Section        0  stm32f2xx_hal.o(i.HAL_Delay)
    i.HAL_GPIO_Init                          0x08000340   Section        0  stm32f2xx_hal_gpio.o(i.HAL_GPIO_Init)
    i.HAL_GPIO_WritePin                      0x08000500   Section        0  stm32f2xx_hal_gpio.o(i.HAL_GPIO_WritePin)
    i.HAL_GetTick                            0x0800050c   Section        0  stm32f2xx_hal.o(i.HAL_GetTick)
    i.HAL_IncTick                            0x08000518   Section        0  stm32f2xx_hal.o(i.HAL_IncTick)
    i.HAL_Init                               0x08000528   Section        0  stm32f2xx_hal.o(i.HAL_Init)
    i.HAL_InitTick                           0x0800055c   Section        0  stm32f2xx_hal.o(i.HAL_InitTick)
    i.HAL_MspInit                            0x0800057e   Section        0  stm32f2xx_hal_msp.o(i.HAL_MspInit)
    i.HAL_NVIC_EnableIRQ                     0x08000594   Section        0  stm32f2xx_hal_cortex.o(i.HAL_NVIC_EnableIRQ)
    i.HAL_NVIC_SetPriority                   0x080005ac   Section        0  stm32f2xx_hal_cortex.o(i.HAL_NVIC_SetPriority)
    i.HAL_NVIC_SetPriorityGrouping           0x080005ec   Section        0  stm32f2xx_hal_cortex.o(i.HAL_NVIC_SetPriorityGrouping)
    i.HAL_PCDEx_SetRxFiFo                    0x08000610   Section        0  stm32f2xx_hal_pcd_ex.o(i.HAL_PCDEx_SetRxFiFo)
    i.HAL_PCDEx_SetTxFiFo                    0x08000618   Section        0  stm32f2xx_hal_pcd_ex.o(i.HAL_PCDEx_SetTxFiFo)
    i.HAL_PCD_ConnectCallback                0x0800065c   Section        0  usbd_conf.o(i.HAL_PCD_ConnectCallback)
    i.HAL_PCD_DataInStageCallback            0x08000664   Section        0  usbd_conf.o(i.HAL_PCD_DataInStageCallback)
    i.HAL_PCD_DataOutStageCallback           0x08000676   Section        0  usbd_conf.o(i.HAL_PCD_DataOutStageCallback)
    i.HAL_PCD_DisconnectCallback             0x0800068a   Section        0  usbd_conf.o(i.HAL_PCD_DisconnectCallback)
    i.HAL_PCD_EP_Close                       0x08000692   Section        0  stm32f2xx_hal_pcd.o(i.HAL_PCD_EP_Close)
    i.HAL_PCD_EP_ClrStall                    0x080006d6   Section        0  stm32f2xx_hal_pcd.o(i.HAL_PCD_EP_ClrStall)
    i.HAL_PCD_EP_Open                        0x08000726   Section        0  stm32f2xx_hal_pcd.o(i.HAL_PCD_EP_Open)
    i.HAL_PCD_EP_Receive                     0x0800077c   Section        0  stm32f2xx_hal_pcd.o(i.HAL_PCD_EP_Receive)
    i.HAL_PCD_EP_SetStall                    0x080007da   Section        0  stm32f2xx_hal_pcd.o(i.HAL_PCD_EP_SetStall)
    i.HAL_PCD_EP_Transmit                    0x0800083a   Section        0  stm32f2xx_hal_pcd.o(i.HAL_PCD_EP_Transmit)
    i.HAL_PCD_IRQHandler                     0x08000890   Section        0  stm32f2xx_hal_pcd.o(i.HAL_PCD_IRQHandler)
    i.HAL_PCD_ISOINIncompleteCallback        0x08000c74   Section        0  usbd_conf.o(i.HAL_PCD_ISOINIncompleteCallback)
    i.HAL_PCD_ISOOUTIncompleteCallback       0x08000c7c   Section        0  usbd_conf.o(i.HAL_PCD_ISOOUTIncompleteCallback)
    i.HAL_PCD_Init                           0x08000c84   Section        0  stm32f2xx_hal_pcd.o(i.HAL_PCD_Init)
    i.HAL_PCD_MspInit                        0x08000d44   Section        0  usbd_conf.o(i.HAL_PCD_MspInit)
    i.HAL_PCD_ResetCallback                  0x08000da8   Section        0  usbd_conf.o(i.HAL_PCD_ResetCallback)
    i.HAL_PCD_ResumeCallback                 0x08000dc8   Section        0  usbd_conf.o(i.HAL_PCD_ResumeCallback)
    i.HAL_PCD_SOFCallback                    0x08000dd0   Section        0  usbd_conf.o(i.HAL_PCD_SOFCallback)
    i.HAL_PCD_SetAddress                     0x08000dd8   Section        0  stm32f2xx_hal_pcd.o(i.HAL_PCD_SetAddress)
    i.HAL_PCD_SetupStageCallback             0x08000dfc   Section        0  usbd_conf.o(i.HAL_PCD_SetupStageCallback)
    i.HAL_PCD_Start                          0x08000e0a   Section        0  stm32f2xx_hal_pcd.o(i.HAL_PCD_Start)
    i.HAL_PCD_SuspendCallback                0x08000e34   Section        0  usbd_conf.o(i.HAL_PCD_SuspendCallback)
    i.HAL_RCCEx_PeriphCLKConfig              0x08000e64   Section        0  stm32f2xx_hal_rcc_ex.o(i.HAL_RCCEx_PeriphCLKConfig)
    i.HAL_RCC_ClockConfig                    0x08000fb4   Section        0  stm32f2xx_hal_rcc.o(i.HAL_RCC_ClockConfig)
    i.HAL_RCC_GetHCLKFreq                    0x0800116c   Section        0  stm32f2xx_hal_rcc.o(i.HAL_RCC_GetHCLKFreq)
    i.HAL_RCC_GetSysClockFreq                0x080011a0   Section        0  stm32f2xx_hal_rcc.o(i.HAL_RCC_GetSysClockFreq)
    i.HAL_RCC_OscConfig                      0x08001214   Section        0  stm32f2xx_hal_rcc.o(i.HAL_RCC_OscConfig)
    i.HAL_RNG_ErrorCallback                  0x0800154c   Section        0  stm32f2xx_hal_rng.o(i.HAL_RNG_ErrorCallback)
    i.HAL_RNG_GenerateRandomNumber           0x08001550   Section        0  stm32f2xx_hal_rng.o(i.HAL_RNG_GenerateRandomNumber)
    i.HAL_RNG_GetRandomNumber                0x080015ba   Section        0  stm32f2xx_hal_rng.o(i.HAL_RNG_GetRandomNumber)
    i.HAL_RNG_IRQHandler                     0x080015d0   Section        0  stm32f2xx_hal_rng.o(i.HAL_RNG_IRQHandler)
    i.HAL_RNG_Init                           0x08001622   Section        0  stm32f2xx_hal_rng.o(i.HAL_RNG_Init)
    i.HAL_RNG_MspInit                        0x08001660   Section        0  stm32f2xx_hal_msp.o(i.HAL_RNG_MspInit)
    i.HAL_RNG_ReadyDataCallback              0x0800169c   Section        0  stm32f2xx_hal_rng.o(i.HAL_RNG_ReadyDataCallback)
    i.HAL_RTCEx_Tamper1EventCallback         0x0800169e   Section        0  stm32f2xx_hal_rtc_ex.o(i.HAL_RTCEx_Tamper1EventCallback)
    i.HAL_RTCEx_TamperTimeStampIRQHandler    0x080016a0   Section        0  stm32f2xx_hal_rtc_ex.o(i.HAL_RTCEx_TamperTimeStampIRQHandler)
    i.HAL_RTCEx_TimeStampEventCallback       0x080016fc   Section        0  stm32f2xx_hal_rtc_ex.o(i.HAL_RTCEx_TimeStampEventCallback)
    i.HAL_RTC_GetDate                        0x08001700   Section        0  stm32f2xx_hal_rtc.o(i.HAL_RTC_GetDate)
    i.HAL_RTC_GetTime                        0x08001744   Section        0  stm32f2xx_hal_rtc.o(i.HAL_RTC_GetTime)
    i.HAL_RTC_Init                           0x0800178c   Section        0  stm32f2xx_hal_rtc.o(i.HAL_RTC_Init)
    i.HAL_RTC_MspInit                        0x08001828   Section        0  stm32f2xx_hal_msp.o(i.HAL_RTC_MspInit)
    i.HAL_RTC_SetDate                        0x08001858   Section        0  stm32f2xx_hal_rtc.o(i.HAL_RTC_SetDate)
    i.HAL_RTC_SetTime                        0x08001920   Section        0  stm32f2xx_hal_rtc.o(i.HAL_RTC_SetTime)
    i.HAL_RTC_WaitForSynchro                 0x08001a08   Section        0  stm32f2xx_hal_rtc.o(i.HAL_RTC_WaitForSynchro)
    i.HAL_SYSTICK_CLKSourceConfig            0x08001a3e   Section        0  stm32f2xx_hal_cortex.o(i.HAL_SYSTICK_CLKSourceConfig)
    i.HAL_SYSTICK_Callback                   0x08001a56   Section        0  stm32f2xx_hal_cortex.o(i.HAL_SYSTICK_Callback)
    i.HAL_SYSTICK_Config                     0x08001a58   Section        0  stm32f2xx_hal_cortex.o(i.HAL_SYSTICK_Config)
    i.HAL_SYSTICK_IRQHandler                 0x08001a80   Section        0  stm32f2xx_hal_cortex.o(i.HAL_SYSTICK_IRQHandler)
    i.HASH_RNG_IRQHandler                    0x08001a88   Section        0  stm32f2xx_it.o(i.HASH_RNG_IRQHandler)
    i.MX_GPIO_Init                           0x08001a94   Section        0  main.o(i.MX_GPIO_Init)
    MX_GPIO_Init                             0x08001a95   Thumb Code   134  main.o(i.MX_GPIO_Init)
    i.MX_USB_DEVICE_Init                     0x08001b28   Section        0  usb_device.o(i.MX_USB_DEVICE_Init)
    i.NVIC_SetPriority                       0x08001b60   Section        0  stm32f2xx_hal_cortex.o(i.NVIC_SetPriority)
    NVIC_SetPriority                         0x08001b61   Thumb Code    32  stm32f2xx_hal_cortex.o(i.NVIC_SetPriority)
    i.OTG_FS_IRQHandler                      0x08001b80   Section        0  stm32f2xx_it.o(i.OTG_FS_IRQHandler)
    i.PCD_WriteEmptyTxFifo                   0x08001b8c   Section        0  stm32f2xx_hal_pcd.o(i.PCD_WriteEmptyTxFifo)
    PCD_WriteEmptyTxFifo                     0x08001b8d   Thumb Code   150  stm32f2xx_hal_pcd.o(i.PCD_WriteEmptyTxFifo)
    i.RTC_Bcd2ToByte                         0x08001c22   Section        0  stm32f2xx_hal_rtc.o(i.RTC_Bcd2ToByte)
    i.RTC_ByteToBcd2                         0x08001c34   Section        0  stm32f2xx_hal_rtc.o(i.RTC_ByteToBcd2)
    i.RTC_EnterInitMode                      0x08001c4c   Section        0  stm32f2xx_hal_rtc.o(i.RTC_EnterInitMode)
    i.SysTick_Handler                        0x08001c86   Section        0  stm32f2xx_it.o(i.SysTick_Handler)
    i.SystemClock_Config                     0x08001c94   Section        0  main.o(i.SystemClock_Config)
    i.SystemInit                             0x08001d0c   Section        0  system_stm32f2xx.o(i.SystemInit)
    i.TAMP_STAMP_IRQHandler                  0x08001d54   Section        0  stm32f2xx_it.o(i.TAMP_STAMP_IRQHandler)
    i.TEST_RNG_FIPS_140                      0x08001d80   Section        0  main.o(i.TEST_RNG_FIPS_140)
    TEST_RNG_FIPS_140                        0x08001d81   Thumb Code   644  main.o(i.TEST_RNG_FIPS_140)
    i.USBD_CUSTOM_HID_DataIn                 0x08002014   Section        0  usbd_customhid.o(i.USBD_CUSTOM_HID_DataIn)
    USBD_CUSTOM_HID_DataIn                   0x08002015   Thumb Code    14  usbd_customhid.o(i.USBD_CUSTOM_HID_DataIn)
    i.USBD_CUSTOM_HID_DataOut                0x08002022   Section        0  usbd_customhid.o(i.USBD_CUSTOM_HID_DataOut)
    USBD_CUSTOM_HID_DataOut                  0x08002023   Thumb Code    36  usbd_customhid.o(i.USBD_CUSTOM_HID_DataOut)
    i.USBD_CUSTOM_HID_DeInit                 0x08002046   Section        0  usbd_customhid.o(i.USBD_CUSTOM_HID_DeInit)
    USBD_CUSTOM_HID_DeInit                   0x08002047   Thumb Code    50  usbd_customhid.o(i.USBD_CUSTOM_HID_DeInit)
    i.USBD_CUSTOM_HID_EP0_RxReady            0x08002078   Section        0  usbd_customhid.o(i.USBD_CUSTOM_HID_EP0_RxReady)
    USBD_CUSTOM_HID_EP0_RxReady              0x08002079   Thumb Code    34  usbd_customhid.o(i.USBD_CUSTOM_HID_EP0_RxReady)
    i.USBD_CUSTOM_HID_GetCfgDesc             0x0800209c   Section        0  usbd_customhid.o(i.USBD_CUSTOM_HID_GetCfgDesc)
    USBD_CUSTOM_HID_GetCfgDesc               0x0800209d   Thumb Code     8  usbd_customhid.o(i.USBD_CUSTOM_HID_GetCfgDesc)
    i.USBD_CUSTOM_HID_GetDeviceQualifierDesc 0x080020a8   Section        0  usbd_customhid.o(i.USBD_CUSTOM_HID_GetDeviceQualifierDesc)
    USBD_CUSTOM_HID_GetDeviceQualifierDesc   0x080020a9   Thumb Code     8  usbd_customhid.o(i.USBD_CUSTOM_HID_GetDeviceQualifierDesc)
    i.USBD_CUSTOM_HID_Init                   0x080020b4   Section        0  usbd_customhid.o(i.USBD_CUSTOM_HID_Init)
    USBD_CUSTOM_HID_Init                     0x080020b5   Thumb Code    76  usbd_customhid.o(i.USBD_CUSTOM_HID_Init)
    i.USBD_CUSTOM_HID_RegisterInterface      0x08002100   Section        0  usbd_customhid.o(i.USBD_CUSTOM_HID_RegisterInterface)
    i.USBD_CUSTOM_HID_SendReport             0x08002110   Section        0  usbd_customhid.o(i.USBD_CUSTOM_HID_SendReport)
    i.USBD_CUSTOM_HID_Setup                  0x08002138   Section        0  usbd_customhid.o(i.USBD_CUSTOM_HID_Setup)
    USBD_CUSTOM_HID_Setup                    0x08002139   Thumb Code   180  usbd_customhid.o(i.USBD_CUSTOM_HID_Setup)
    i.USBD_ClrClassConfig                    0x080021f0   Section        0  usbd_core.o(i.USBD_ClrClassConfig)
    i.USBD_CtlContinueRx                     0x080021fe   Section        0  usbd_ioreq.o(i.USBD_CtlContinueRx)
    i.USBD_CtlContinueSendData               0x0800220e   Section        0  usbd_ioreq.o(i.USBD_CtlContinueSendData)
    i.USBD_CtlError                          0x0800221e   Section        0  usbd_ctlreq.o(i.USBD_CtlError)
    i.USBD_CtlPrepareRx                      0x08002234   Section        0  usbd_ioreq.o(i.USBD_CtlPrepareRx)
    i.USBD_CtlReceiveStatus                  0x08002252   Section        0  usbd_ioreq.o(i.USBD_CtlReceiveStatus)
    i.USBD_CtlSendData                       0x08002268   Section        0  usbd_ioreq.o(i.USBD_CtlSendData)
    i.USBD_CtlSendStatus                     0x08002282   Section        0  usbd_ioreq.o(i.USBD_CtlSendStatus)
    i.USBD_FS_ConfigStrDescriptor            0x08002298   Section        0  usbd_desc.o(i.USBD_FS_ConfigStrDescriptor)
    i.USBD_FS_DeviceDescriptor               0x080022c0   Section        0  usbd_desc.o(i.USBD_FS_DeviceDescriptor)
    i.USBD_FS_InterfaceStrDescriptor         0x080022cc   Section        0  usbd_desc.o(i.USBD_FS_InterfaceStrDescriptor)
    i.USBD_FS_LangIDStrDescriptor            0x080022f8   Section        0  usbd_desc.o(i.USBD_FS_LangIDStrDescriptor)
    i.USBD_FS_ManufacturerStrDescriptor      0x08002304   Section        0  usbd_desc.o(i.USBD_FS_ManufacturerStrDescriptor)
    i.USBD_FS_ProductStrDescriptor           0x08002324   Section        0  usbd_desc.o(i.USBD_FS_ProductStrDescriptor)
    i.USBD_FS_SerialStrDescriptor            0x0800235c   Section        0  usbd_desc.o(i.USBD_FS_SerialStrDescriptor)
    i.USBD_GetDescriptor                     0x080023dc   Section        0  usbd_ctlreq.o(i.USBD_GetDescriptor)
    USBD_GetDescriptor                       0x080023dd   Thumb Code   242  usbd_ctlreq.o(i.USBD_GetDescriptor)
    i.USBD_GetString                         0x080024ce   Section        0  usbd_ctlreq.o(i.USBD_GetString)
    i.USBD_Init                              0x08002514   Section        0  usbd_core.o(i.USBD_Init)
    i.USBD_LL_ClearStallEP                   0x0800253e   Section        0  usbd_conf.o(i.USBD_LL_ClearStallEP)
    i.USBD_LL_CloseEP                        0x0800254c   Section        0  usbd_conf.o(i.USBD_LL_CloseEP)
    i.USBD_LL_DataInStage                    0x0800255a   Section        0  usbd_core.o(i.USBD_LL_DataInStage)
    i.USBD_LL_DataOutStage                   0x08002604   Section        0  usbd_core.o(i.USBD_LL_DataOutStage)
    i.USBD_LL_DevConnected                   0x0800266e   Section        0  usbd_core.o(i.USBD_LL_DevConnected)
    i.USBD_LL_DevDisconnected                0x08002672   Section        0  usbd_core.o(i.USBD_LL_DevDisconnected)
    i.USBD_LL_Init                           0x08002688   Section        0  usbd_conf.o(i.USBD_LL_Init)
    i.USBD_LL_IsStallEP                      0x080026e4   Section        0  usbd_conf.o(i.USBD_LL_IsStallEP)
    i.USBD_LL_IsoINIncomplete                0x08002704   Section        0  usbd_core.o(i.USBD_LL_IsoINIncomplete)
    i.USBD_LL_IsoOUTIncomplete               0x08002708   Section        0  usbd_core.o(i.USBD_LL_IsoOUTIncomplete)
    i.USBD_LL_OpenEP                         0x0800270c   Section        0  usbd_conf.o(i.USBD_LL_OpenEP)
    i.USBD_LL_PrepareReceive                 0x08002720   Section        0  usbd_conf.o(i.USBD_LL_PrepareReceive)
    i.USBD_LL_Reset                          0x0800272e   Section        0  usbd_core.o(i.USBD_LL_Reset)
    i.USBD_LL_Resume                         0x0800276c   Section        0  usbd_core.o(i.USBD_LL_Resume)
    i.USBD_LL_SOF                            0x08002778   Section        0  usbd_core.o(i.USBD_LL_SOF)
    i.USBD_LL_SetSpeed                       0x08002790   Section        0  usbd_core.o(i.USBD_LL_SetSpeed)
    i.USBD_LL_SetUSBAddress                  0x08002796   Section        0  usbd_conf.o(i.USBD_LL_SetUSBAddress)
    i.USBD_LL_SetupStage                     0x080027a4   Section        0  usbd_core.o(i.USBD_LL_SetupStage)
    i.USBD_LL_StallEP                        0x080027fe   Section        0  usbd_conf.o(i.USBD_LL_StallEP)
    i.USBD_LL_Start                          0x0800280c   Section        0  usbd_conf.o(i.USBD_LL_Start)
    i.USBD_LL_Suspend                        0x0800281a   Section        0  usbd_core.o(i.USBD_LL_Suspend)
    i.USBD_LL_Transmit                       0x0800282c   Section        0  usbd_conf.o(i.USBD_LL_Transmit)
    i.USBD_ParseSetupRequest                 0x0800283a   Section        0  usbd_ctlreq.o(i.USBD_ParseSetupRequest)
    i.USBD_RegisterClass                     0x08002862   Section        0  usbd_core.o(i.USBD_RegisterClass)
    i.USBD_SetClassConfig                    0x08002872   Section        0  usbd_core.o(i.USBD_SetClassConfig)
    i.USBD_SetConfig                         0x08002888   Section        0  usbd_ctlreq.o(i.USBD_SetConfig)
    USBD_SetConfig                           0x08002889   Thumb Code   110  usbd_ctlreq.o(i.USBD_SetConfig)
    i.USBD_Start                             0x080028fc   Section        0  usbd_core.o(i.USBD_Start)
    i.USBD_StdDevReq                         0x08002906   Section        0  usbd_ctlreq.o(i.USBD_StdDevReq)
    i.USBD_StdEPReq                          0x080029f8   Section        0  usbd_ctlreq.o(i.USBD_StdEPReq)
    i.USBD_StdItfReq                         0x08002ad4   Section        0  usbd_ctlreq.o(i.USBD_StdItfReq)
    i.USB_ActivateEndpoint                   0x08002b08   Section        0  stm32f2xx_ll_usb.o(i.USB_ActivateEndpoint)
    i.USB_ActivateSetup                      0x08002b88   Section        0  stm32f2xx_ll_usb.o(i.USB_ActivateSetup)
    i.USB_CoreInit                           0x08002bbc   Section        0  stm32f2xx_ll_usb.o(i.USB_CoreInit)
    i.USB_CoreReset                          0x08002c28   Section        0  stm32f2xx_ll_usb.o(i.USB_CoreReset)
    USB_CoreReset                            0x08002c29   Thumb Code    50  stm32f2xx_ll_usb.o(i.USB_CoreReset)
    i.USB_DeactivateEndpoint                 0x08002c60   Section        0  stm32f2xx_ll_usb.o(i.USB_DeactivateEndpoint)
    i.USB_DevConnect                         0x08002cce   Section        0  stm32f2xx_ll_usb.o(i.USB_DevConnect)
    i.USB_DevDisconnect                      0x08002ce6   Section        0  stm32f2xx_ll_usb.o(i.USB_DevDisconnect)
    i.USB_DevInit                            0x08002d00   Section        0  stm32f2xx_ll_usb.o(i.USB_DevInit)
    i.USB_DisableGlobalInt                   0x08002e44   Section        0  stm32f2xx_ll_usb.o(i.USB_DisableGlobalInt)
    i.USB_EP0StartXfer                       0x08002e50   Section        0  stm32f2xx_ll_usb.o(i.USB_EP0StartXfer)
    i.USB_EP0_OutStart                       0x08002f90   Section        0  stm32f2xx_ll_usb.o(i.USB_EP0_OutStart)
    i.USB_EPClearStall                       0x08002fce   Section        0  stm32f2xx_ll_usb.o(i.USB_EPClearStall)
    i.USB_EPSetStall                         0x08003032   Section        0  stm32f2xx_ll_usb.o(i.USB_EPSetStall)
    i.USB_EPStartXfer                        0x08003090   Section        0  stm32f2xx_ll_usb.o(i.USB_EPStartXfer)
    i.USB_EnableGlobalInt                    0x080032ac   Section        0  stm32f2xx_ll_usb.o(i.USB_EnableGlobalInt)
    i.USB_FlushRxFifo                        0x080032b8   Section        0  stm32f2xx_ll_usb.o(i.USB_FlushRxFifo)
    i.USB_FlushTxFifo                        0x080032d8   Section        0  stm32f2xx_ll_usb.o(i.USB_FlushTxFifo)
    i.USB_GetDevSpeed                        0x080032fc   Section        0  stm32f2xx_ll_usb.o(i.USB_GetDevSpeed)
    i.USB_GetMode                            0x08003338   Section        0  stm32f2xx_ll_usb.o(i.USB_GetMode)
    i.USB_ReadDevAllInEpInterrupt            0x08003340   Section        0  stm32f2xx_ll_usb.o(i.USB_ReadDevAllInEpInterrupt)
    i.USB_ReadDevAllOutEpInterrupt           0x0800334e   Section        0  stm32f2xx_ll_usb.o(i.USB_ReadDevAllOutEpInterrupt)
    i.USB_ReadDevInEPInterrupt               0x0800335c   Section        0  stm32f2xx_ll_usb.o(i.USB_ReadDevInEPInterrupt)
    i.USB_ReadDevOutEPInterrupt              0x0800337a   Section        0  stm32f2xx_ll_usb.o(i.USB_ReadDevOutEPInterrupt)
    i.USB_ReadInterrupts                     0x0800338a   Section        0  stm32f2xx_ll_usb.o(i.USB_ReadInterrupts)
    i.USB_ReadPacket                         0x08003392   Section        0  stm32f2xx_ll_usb.o(i.USB_ReadPacket)
    i.USB_SetCurrentMode                     0x080033b2   Section        0  stm32f2xx_ll_usb.o(i.USB_SetCurrentMode)
    i.USB_SetDevAddress                      0x080033de   Section        0  stm32f2xx_ll_usb.o(i.USB_SetDevAddress)
    i.USB_WritePacket                        0x08003400   Section        0  stm32f2xx_ll_usb.o(i.USB_WritePacket)
    i.__scatterload_copy                     0x08003428   Section       14  handlers.o(i.__scatterload_copy)
    i.__scatterload_null                     0x08003436   Section        2  handlers.o(i.__scatterload_null)
    i.__scatterload_zeroinit                 0x08003438   Section       14  handlers.o(i.__scatterload_zeroinit)
    i.free                                   0x08003448   Section        0  malloc.o(i.free)
    i.main                                   0x08003498   Section        0  main.o(i.main)
    i.malloc                                 0x080036a4   Section        0  malloc.o(i.malloc)
    .constdata                               0x08003710   Section       16  stm32f2xx_hal_rcc.o(.constdata)
    .data                                    0x20000000   Section        4  stm32f2xx_hal.o(.data)
    uwTick                                   0x20000000   Data           4  stm32f2xx_hal.o(.data)
    .data                                    0x20000004   Section        1  usbd_ctlreq.o(.data)
    cfgidx                                   0x20000004   Data           1  usbd_ctlreq.o(.data)
    .data                                    0x20000008   Section       60  usbd_customhid.o(.data)
    .data                                    0x20000044   Section       94  usbd_customhid.o(.data)
    USBD_CUSTOM_HID_CfgDesc                  0x20000044   Data          41  usbd_customhid.o(.data)
    USBD_CUSTOM_HID_Desc                     0x20000070   Data          38  usbd_customhid.o(.data)
    USBD_CUSTOM_HID_DeviceQualifierDesc      0x20000098   Data          10  usbd_customhid.o(.data)
    .data                                    0x200000a4   Section       32  main.o(.data)
    abNumMem                                 0x200000b4   Data          16  main.o(.data)
    .data                                    0x200000c4   Section       28  usbd_desc.o(.data)
    .data                                    0x200000e0   Section       22  usbd_desc.o(.data)
    .data                                    0x200000f8   Section       38  usbd_custom_hid_if.o(.data)
    CUSTOM_HID_ReportDesc_FS                 0x200000f8   Data          38  usbd_custom_hid_if.o(.data)
    .data                                    0x20000120   Section       16  usbd_custom_hid_if.o(.data)
    .data                                    0x20000130   Section        4  usbd_custom_hid_if.o(.data)
    .data                                    0x20000134   Section        4  system_stm32f2xx.o(.data)
    .data                                    0x20000138   Section        4  mvars.o(.data)
    .data                                    0x2000013c   Section        4  mvars.o(.data)
    .bss                                     0x20000140   Section      944  usbd_conf.o(.bss)
    .bss                                     0x200004f0   Section      548  usb_device.o(.bss)
    .bss                                     0x20000714   Section      172  main.o(.bss)
    .bss                                     0x200007c0   Section      512  usbd_desc.o(.bss)
    HEAP                                     0x200009c0   Section     1024  startup_stm32f205xx.o(HEAP)
    STACK                                    0x20000dc0   Section      512  startup_stm32f205xx.o(STACK)

    Global Symbols

    Symbol Name                              Value     Ov Type        Size  Object(Section)

    BuildAttributes$$THM_ISAv4$P$D$K$B$S$PE$A:L22UL41UL21$X:L11$S22US41US21$IEEE1$IW$USESV6$~STKCKD$USESV7$~SHL$OSPACE$EBA8$MICROLIB$REQ8$PRES8$EABIv2 0x00000000   Number         0  anon$$obj.o ABSOLUTE
    __ARM_use_no_argv                        0x00000000   Number         0  main.o ABSOLUTE
    __cpp_initialize__aeabi_                  - Undefined Weak Reference
    __cxa_finalize                            - Undefined Weak Reference
    _clock_init                               - Undefined Weak Reference
    _microlib_exit                            - Undefined Weak Reference
    __Vectors_Size                           0x00000184   Number         0  startup_stm32f205xx.o ABSOLUTE
    __Vectors                                0x08000000   Data           4  startup_stm32f205xx.o(RESET)
    __Vectors_End                            0x08000184   Data           0  startup_stm32f205xx.o(RESET)
    __main                                   0x08000185   Thumb Code     0  entry.o(.ARM.Collect$$$$00000000)
    _main_stk                                0x08000185   Thumb Code     0  entry2.o(.ARM.Collect$$$$00000001)
    _main_scatterload                        0x08000189   Thumb Code     0  entry5.o(.ARM.Collect$$$$00000004)
    __main_after_scatterload                 0x0800018d   Thumb Code     0  entry5.o(.ARM.Collect$$$$00000004)
    _main_clock                              0x0800018d   Thumb Code     0  entry7b.o(.ARM.Collect$$$$00000008)
    _main_cpp_init                           0x0800018d   Thumb Code     0  entry8b.o(.ARM.Collect$$$$0000000A)
    _main_init                               0x0800018d   Thumb Code     0  entry9a.o(.ARM.Collect$$$$0000000B)
    __rt_final_cpp                           0x08000195   Thumb Code     0  entry10a.o(.ARM.Collect$$$$0000000D)
    __rt_final_exit                          0x08000195   Thumb Code     0  entry11a.o(.ARM.Collect$$$$0000000F)
    Reset_Handler                            0x08000199   Thumb Code     8  startup_stm32f205xx.o(.text)
    NMI_Handler                              0x080001a1   Thumb Code     2  startup_stm32f205xx.o(.text)
    HardFault_Handler                        0x080001a3   Thumb Code     2  startup_stm32f205xx.o(.text)
    MemManage_Handler                        0x080001a5   Thumb Code     2  startup_stm32f205xx.o(.text)
    BusFault_Handler                         0x080001a7   Thumb Code     2  startup_stm32f205xx.o(.text)
    UsageFault_Handler                       0x080001a9   Thumb Code     2  startup_stm32f205xx.o(.text)
    SVC_Handler                              0x080001ab   Thumb Code     2  startup_stm32f205xx.o(.text)
    DebugMon_Handler                         0x080001ad   Thumb Code     2  startup_stm32f205xx.o(.text)
    PendSV_Handler                           0x080001af   Thumb Code     2  startup_stm32f205xx.o(.text)
    ADC_IRQHandler                           0x080001b3   Thumb Code     0  startup_stm32f205xx.o(.text)
    CAN1_RX0_IRQHandler                      0x080001b3   Thumb Code     0  startup_stm32f205xx.o(.text)
    CAN1_RX1_IRQHandler                      0x080001b3   Thumb Code     0  startup_stm32f205xx.o(.text)
    CAN1_SCE_IRQHandler                      0x080001b3   Thumb Code     0  startup_stm32f205xx.o(.text)
    CAN1_TX_IRQHandler                       0x080001b3   Thumb Code     0  startup_stm32f205xx.o(.text)
    CAN2_RX0_IRQHandler                      0x080001b3   Thumb Code     0  startup_stm32f205xx.o(.text)
    CAN2_RX1_IRQHandler                      0x080001b3   Thumb Code     0  startup_stm32f205xx.o(.text)
    CAN2_SCE_IRQHandler                      0x080001b3   Thumb Code     0  startup_stm32f205xx.o(.text)
    CAN2_TX_IRQHandler                       0x080001b3   Thumb Code     0  startup_stm32f205xx.o(.text)
    DMA1_Stream0_IRQHandler                  0x080001b3   Thumb Code     0  startup_stm32f205xx.o(.text)
    DMA1_Stream1_IRQHandler                  0x080001b3   Thumb Code     0  startup_stm32f205xx.o(.text)
    DMA1_Stream2_IRQHandler                  0x080001b3   Thumb Code     0  startup_stm32f205xx.o(.text)
    DMA1_Stream3_IRQHandler                  0x080001b3   Thumb Code     0  startup_stm32f205xx.o(.text)
    DMA1_Stream4_IRQHandler                  0x080001b3   Thumb Code     0  startup_stm32f205xx.o(.text)
    DMA1_Stream5_IRQHandler                  0x080001b3   Thumb Code     0  startup_stm32f205xx.o(.text)
    DMA1_Stream6_IRQHandler                  0x080001b3   Thumb Code     0  startup_stm32f205xx.o(.text)
    DMA1_Stream7_IRQHandler                  0x080001b3   Thumb Code     0  startup_stm32f205xx.o(.text)
    DMA2_Stream0_IRQHandler                  0x080001b3   Thumb Code     0  startup_stm32f205xx.o(.text)
    DMA2_Stream1_IRQHandler                  0x080001b3   Thumb Code     0  startup_stm32f205xx.o(.text)
    DMA2_Stream2_IRQHandler                  0x080001b3   Thumb Code     0  startup_stm32f205xx.o(.text)
    DMA2_Stream3_IRQHandler                  0x080001b3   Thumb Code     0  startup_stm32f205xx.o(.text)
    DMA2_Stream4_IRQHandler                  0x080001b3   Thumb Code     0  startup_stm32f205xx.o(.text)
    DMA2_Stream5_IRQHandler                  0x080001b3   Thumb Code     0  startup_stm32f205xx.o(.text)
    DMA2_Stream6_IRQHandler                  0x080001b3   Thumb Code     0  startup_stm32f205xx.o(.text)
    DMA2_Stream7_IRQHandler                  0x080001b3   Thumb Code     0  startup_stm32f205xx.o(.text)
    EXTI0_IRQHandler                         0x080001b3   Thumb Code     0  startup_stm32f205xx.o(.text)
    EXTI15_10_IRQHandler                     0x080001b3   Thumb Code     0  startup_stm32f205xx.o(.text)
    EXTI1_IRQHandler                         0x080001b3   Thumb Code     0  startup_stm32f205xx.o(.text)
    EXTI2_IRQHandler                         0x080001b3   Thumb Code     0  startup_stm32f205xx.o(.text)
    EXTI3_IRQHandler                         0x080001b3   Thumb Code     0  startup_stm32f205xx.o(.text)
    EXTI4_IRQHandler                         0x080001b3   Thumb Code     0  startup_stm32f205xx.o(.text)
    EXTI9_5_IRQHandler                       0x080001b3   Thumb Code     0  startup_stm32f205xx.o(.text)
    FLASH_IRQHandler                         0x080001b3   Thumb Code     0  startup_stm32f205xx.o(.text)
    FSMC_IRQHandler                          0x080001b3   Thumb Code     0  startup_stm32f205xx.o(.text)
    I2C1_ER_IRQHandler                       0x080001b3   Thumb Code     0  startup_stm32f205xx.o(.text)
    I2C1_EV_IRQHandler                       0x080001b3   Thumb Code     0  startup_stm32f205xx.o(.text)
    I2C2_ER_IRQHandler                       0x080001b3   Thumb Code     0  startup_stm32f205xx.o(.text)
    I2C2_EV_IRQHandler                       0x080001b3   Thumb Code     0  startup_stm32f205xx.o(.text)
    I2C3_ER_IRQHandler                       0x080001b3   Thumb Code     0  startup_stm32f205xx.o(.text)
    I2C3_EV_IRQHandler                       0x080001b3   Thumb Code     0  startup_stm32f205xx.o(.text)
    OTG_FS_WKUP_IRQHandler                   0x080001b3   Thumb Code     0  startup_stm32f205xx.o(.text)
    OTG_HS_EP1_IN_IRQHandler                 0x080001b3   Thumb Code     0  startup_stm32f205xx.o(.text)
    OTG_HS_EP1_OUT_IRQHandler                0x080001b3   Thumb Code     0  startup_stm32f205xx.o(.text)
    OTG_HS_IRQHandler                        0x080001b3   Thumb Code     0  startup_stm32f205xx.o(.text)
    OTG_HS_WKUP_IRQHandler                   0x080001b3   Thumb Code     0  startup_stm32f205xx.o(.text)
    PVD_IRQHandler                           0x080001b3   Thumb Code     0  startup_stm32f205xx.o(.text)
    RCC_IRQHandler                           0x080001b3   Thumb Code     0  startup_stm32f205xx.o(.text)
    RTC_Alarm_IRQHandler                     0x080001b3   Thumb Code     0  startup_stm32f205xx.o(.text)
    RTC_WKUP_IRQHandler                      0x080001b3   Thumb Code     0  startup_stm32f205xx.o(.text)
    SDIO_IRQHandler                          0x080001b3   Thumb Code     0  startup_stm32f205xx.o(.text)
    SPI1_IRQHandler                          0x080001b3   Thumb Code     0  startup_stm32f205xx.o(.text)
    SPI2_IRQHandler                          0x080001b3   Thumb Code     0  startup_stm32f205xx.o(.text)
    SPI3_IRQHandler                          0x080001b3   Thumb Code     0  startup_stm32f205xx.o(.text)
    TIM1_BRK_TIM9_IRQHandler                 0x080001b3   Thumb Code     0  startup_stm32f205xx.o(.text)
    TIM1_CC_IRQHandler                       0x080001b3   Thumb Code     0  startup_stm32f205xx.o(.text)
    TIM1_TRG_COM_TIM11_IRQHandler            0x080001b3   Thumb Code     0  startup_stm32f205xx.o(.text)
    TIM1_UP_TIM10_IRQHandler                 0x080001b3   Thumb Code     0  startup_stm32f205xx.o(.text)
    TIM2_IRQHandler                          0x080001b3   Thumb Code     0  startup_stm32f205xx.o(.text)
    TIM3_IRQHandler                          0x080001b3   Thumb Code     0  startup_stm32f205xx.o(.text)
    TIM4_IRQHandler                          0x080001b3   Thumb Code     0  startup_stm32f205xx.o(.text)
    TIM5_IRQHandler                          0x080001b3   Thumb Code     0  startup_stm32f205xx.o(.text)
    TIM6_DAC_IRQHandler                      0x080001b3   Thumb Code     0  startup_stm32f205xx.o(.text)
    TIM7_IRQHandler                          0x080001b3   Thumb Code     0  startup_stm32f205xx.o(.text)
    TIM8_BRK_TIM12_IRQHandler                0x080001b3   Thumb Code     0  startup_stm32f205xx.o(.text)
    TIM8_CC_IRQHandler                       0x080001b3   Thumb Code     0  startup_stm32f205xx.o(.text)
    TIM8_TRG_COM_TIM14_IRQHandler            0x080001b3   Thumb Code     0  startup_stm32f205xx.o(.text)
    TIM8_UP_TIM13_IRQHandler                 0x080001b3   Thumb Code     0  startup_stm32f205xx.o(.text)
    UART4_IRQHandler                         0x080001b3   Thumb Code     0  startup_stm32f205xx.o(.text)
    UART5_IRQHandler                         0x080001b3   Thumb Code     0  startup_stm32f205xx.o(.text)
    USART1_IRQHandler                        0x080001b3   Thumb Code     0  startup_stm32f205xx.o(.text)
    USART2_IRQHandler                        0x080001b3   Thumb Code     0  startup_stm32f205xx.o(.text)
    USART3_IRQHandler                        0x080001b3   Thumb Code     0  startup_stm32f205xx.o(.text)
    USART6_IRQHandler                        0x080001b3   Thumb Code     0  startup_stm32f205xx.o(.text)
    WWDG_IRQHandler                          0x080001b3   Thumb Code     0  startup_stm32f205xx.o(.text)
    __aeabi_memcpy                           0x080001bd   Thumb Code    36  memcpya.o(.text)
    __aeabi_memcpy4                          0x080001bd   Thumb Code     0  memcpya.o(.text)
    __aeabi_memcpy8                          0x080001bd   Thumb Code     0  memcpya.o(.text)
    __aeabi_memset                           0x080001e1   Thumb Code    14  memseta.o(.text)
    __aeabi_memset4                          0x080001e1   Thumb Code     0  memseta.o(.text)
    __aeabi_memset8                          0x080001e1   Thumb Code     0  memseta.o(.text)
    __aeabi_memclr                           0x080001ef   Thumb Code     4  memseta.o(.text)
    __aeabi_memclr4                          0x080001ef   Thumb Code     0  memseta.o(.text)
    __aeabi_memclr8                          0x080001ef   Thumb Code     0  memseta.o(.text)
    _memset$wrapper                          0x080001f3   Thumb Code    18  memseta.o(.text)
    __scatterload                            0x08000205   Thumb Code    28  init.o(.text)
    __scatterload_rt2                        0x08000205   Thumb Code     0  init.o(.text)
    __decompress                             0x08000229   Thumb Code     0  __dczerorl2.o(.text)
    __decompress1                            0x08000229   Thumb Code    86  __dczerorl2.o(.text)
    HAL_CRC_Init                             0x080002d9   Thumb Code    38  stm32f2xx_hal_crc.o(i.HAL_CRC_Init)
    HAL_CRC_MspInit                          0x08000301   Thumb Code    30  stm32f2xx_hal_msp.o(i.HAL_CRC_MspInit)
    HAL_Delay                                0x08000329   Thumb Code    22  stm32f2xx_hal.o(i.HAL_Delay)
    HAL_GPIO_Init                            0x08000341   Thumb Code   398  stm32f2xx_hal_gpio.o(i.HAL_GPIO_Init)
    HAL_GPIO_WritePin                        0x08000501   Thumb Code    10  stm32f2xx_hal_gpio.o(i.HAL_GPIO_WritePin)
    HAL_GetTick                              0x0800050d   Thumb Code     6  stm32f2xx_hal.o(i.HAL_GetTick)
    HAL_IncTick                              0x08000519   Thumb Code    10  stm32f2xx_hal.o(i.HAL_IncTick)
    HAL_Init                                 0x08000529   Thumb Code    48  stm32f2xx_hal.o(i.HAL_Init)
    HAL_InitTick                             0x0800055d   Thumb Code    34  stm32f2xx_hal.o(i.HAL_InitTick)
    HAL_MspInit                              0x0800057f   Thumb Code    22  stm32f2xx_hal_msp.o(i.HAL_MspInit)
    HAL_NVIC_EnableIRQ                       0x08000595   Thumb Code    22  stm32f2xx_hal_cortex.o(i.HAL_NVIC_EnableIRQ)
    HAL_NVIC_SetPriority                     0x080005ad   Thumb Code    60  stm32f2xx_hal_cortex.o(i.HAL_NVIC_SetPriority)
    HAL_NVIC_SetPriorityGrouping             0x080005ed   Thumb Code    26  stm32f2xx_hal_cortex.o(i.HAL_NVIC_SetPriorityGrouping)
    HAL_PCDEx_SetRxFiFo                      0x08000611   Thumb Code     8  stm32f2xx_hal_pcd_ex.o(i.HAL_PCDEx_SetRxFiFo)
    HAL_PCDEx_SetTxFiFo                      0x08000619   Thumb Code    68  stm32f2xx_hal_pcd_ex.o(i.HAL_PCDEx_SetTxFiFo)
    HAL_PCD_ConnectCallback                  0x0800065d   Thumb Code     8  usbd_conf.o(i.HAL_PCD_ConnectCallback)
    HAL_PCD_DataInStageCallback              0x08000665   Thumb Code    18  usbd_conf.o(i.HAL_PCD_DataInStageCallback)
    HAL_PCD_DataOutStageCallback             0x08000677   Thumb Code    20  usbd_conf.o(i.HAL_PCD_DataOutStageCallback)
    HAL_PCD_DisconnectCallback               0x0800068b   Thumb Code     8  usbd_conf.o(i.HAL_PCD_DisconnectCallback)
    HAL_PCD_EP_Close                         0x08000693   Thumb Code    68  stm32f2xx_hal_pcd.o(i.HAL_PCD_EP_Close)
    HAL_PCD_EP_ClrStall                      0x080006d7   Thumb Code    80  stm32f2xx_hal_pcd.o(i.HAL_PCD_EP_ClrStall)
    HAL_PCD_EP_Open                          0x08000727   Thumb Code    84  stm32f2xx_hal_pcd.o(i.HAL_PCD_EP_Open)
    HAL_PCD_EP_Receive                       0x0800077d   Thumb Code    94  stm32f2xx_hal_pcd.o(i.HAL_PCD_EP_Receive)
    HAL_PCD_EP_SetStall                      0x080007db   Thumb Code    96  stm32f2xx_hal_pcd.o(i.HAL_PCD_EP_SetStall)
    HAL_PCD_EP_Transmit                      0x0800083b   Thumb Code    86  stm32f2xx_hal_pcd.o(i.HAL_PCD_EP_Transmit)
    HAL_PCD_IRQHandler                       0x08000891   Thumb Code   996  stm32f2xx_hal_pcd.o(i.HAL_PCD_IRQHandler)
    HAL_PCD_ISOINIncompleteCallback          0x08000c75   Thumb Code     8  usbd_conf.o(i.HAL_PCD_ISOINIncompleteCallback)
    HAL_PCD_ISOOUTIncompleteCallback         0x08000c7d   Thumb Code     8  usbd_conf.o(i.HAL_PCD_ISOOUTIncompleteCallback)
    HAL_PCD_Init                             0x08000c85   Thumb Code   190  stm32f2xx_hal_pcd.o(i.HAL_PCD_Init)
    HAL_PCD_MspInit                          0x08000d45   Thumb Code    92  usbd_conf.o(i.HAL_PCD_MspInit)
    HAL_PCD_ResetCallback                    0x08000da9   Thumb Code    32  usbd_conf.o(i.HAL_PCD_ResetCallback)
    HAL_PCD_ResumeCallback                   0x08000dc9   Thumb Code     8  usbd_conf.o(i.HAL_PCD_ResumeCallback)
    HAL_PCD_SOFCallback                      0x08000dd1   Thumb Code     8  usbd_conf.o(i.HAL_PCD_SOFCallback)
    HAL_PCD_SetAddress                       0x08000dd9   Thumb Code    36  stm32f2xx_hal_pcd.o(i.HAL_PCD_SetAddress)
    HAL_PCD_SetupStageCallback               0x08000dfd   Thumb Code    14  usbd_conf.o(i.HAL_PCD_SetupStageCallback)
    HAL_PCD_Start                            0x08000e0b   Thumb Code    42  stm32f2xx_hal_pcd.o(i.HAL_PCD_Start)
    HAL_PCD_SuspendCallback                  0x08000e35   Thumb Code    44  usbd_conf.o(i.HAL_PCD_SuspendCallback)
    HAL_RCCEx_PeriphCLKConfig                0x08000e65   Thumb Code   316  stm32f2xx_hal_rcc_ex.o(i.HAL_RCCEx_PeriphCLKConfig)
    HAL_RCC_ClockConfig                      0x08000fb5   Thumb Code   432  stm32f2xx_hal_rcc.o(i.HAL_RCC_ClockConfig)
    HAL_RCC_GetHCLKFreq                      0x0800116d   Thumb Code    38  stm32f2xx_hal_rcc.o(i.HAL_RCC_GetHCLKFreq)
    HAL_RCC_GetSysClockFreq                  0x080011a1   Thumb Code   104  stm32f2xx_hal_rcc.o(i.HAL_RCC_GetSysClockFreq)
    HAL_RCC_OscConfig                        0x08001215   Thumb Code   802  stm32f2xx_hal_rcc.o(i.HAL_RCC_OscConfig)
    HAL_RNG_ErrorCallback                    0x0800154d   Thumb Code     2  stm32f2xx_hal_rng.o(i.HAL_RNG_ErrorCallback)
    HAL_RNG_GenerateRandomNumber             0x08001551   Thumb Code   106  stm32f2xx_hal_rng.o(i.HAL_RNG_GenerateRandomNumber)
    HAL_RNG_GetRandomNumber                  0x080015bb   Thumb Code    22  stm32f2xx_hal_rng.o(i.HAL_RNG_GetRandomNumber)
    HAL_RNG_IRQHandler                       0x080015d1   Thumb Code    82  stm32f2xx_hal_rng.o(i.HAL_RNG_IRQHandler)
    HAL_RNG_Init                             0x08001623   Thumb Code    62  stm32f2xx_hal_rng.o(i.HAL_RNG_Init)
    HAL_RNG_MspInit                          0x08001661   Thumb Code    50  stm32f2xx_hal_msp.o(i.HAL_RNG_MspInit)
    HAL_RNG_ReadyDataCallback                0x0800169d   Thumb Code     2  stm32f2xx_hal_rng.o(i.HAL_RNG_ReadyDataCallback)
    HAL_RTCEx_Tamper1EventCallback           0x0800169f   Thumb Code     2  stm32f2xx_hal_rtc_ex.o(i.HAL_RTCEx_Tamper1EventCallback)
    HAL_RTCEx_TamperTimeStampIRQHandler      0x080016a1   Thumb Code    86  stm32f2xx_hal_rtc_ex.o(i.HAL_RTCEx_TamperTimeStampIRQHandler)
    HAL_RTCEx_TimeStampEventCallback         0x080016fd   Thumb Code     2  stm32f2xx_hal_rtc_ex.o(i.HAL_RTCEx_TimeStampEventCallback)
    HAL_RTC_GetDate                          0x08001701   Thumb Code    62  stm32f2xx_hal_rtc.o(i.HAL_RTC_GetDate)
    HAL_RTC_GetTime                          0x08001745   Thumb Code    66  stm32f2xx_hal_rtc.o(i.HAL_RTC_GetTime)
    HAL_RTC_Init                             0x0800178d   Thumb Code   150  stm32f2xx_hal_rtc.o(i.HAL_RTC_Init)
    HAL_RTC_MspInit                          0x08001829   Thumb Code    38  stm32f2xx_hal_msp.o(i.HAL_RTC_MspInit)
    HAL_RTC_SetDate                          0x08001859   Thumb Code   196  stm32f2xx_hal_rtc.o(i.HAL_RTC_SetDate)
    HAL_RTC_SetTime                          0x08001921   Thumb Code   228  stm32f2xx_hal_rtc.o(i.HAL_RTC_SetTime)
    HAL_RTC_WaitForSynchro                   0x08001a09   Thumb Code    54  stm32f2xx_hal_rtc.o(i.HAL_RTC_WaitForSynchro)
    HAL_SYSTICK_CLKSourceConfig              0x08001a3f   Thumb Code    24  stm32f2xx_hal_cortex.o(i.HAL_SYSTICK_CLKSourceConfig)
    HAL_SYSTICK_Callback                     0x08001a57   Thumb Code     2  stm32f2xx_hal_cortex.o(i.HAL_SYSTICK_Callback)
    HAL_SYSTICK_Config                       0x08001a59   Thumb Code    40  stm32f2xx_hal_cortex.o(i.HAL_SYSTICK_Config)
    HAL_SYSTICK_IRQHandler                   0x08001a81   Thumb Code     8  stm32f2xx_hal_cortex.o(i.HAL_SYSTICK_IRQHandler)
    HASH_RNG_IRQHandler                      0x08001a89   Thumb Code     6  stm32f2xx_it.o(i.HASH_RNG_IRQHandler)
    MX_USB_DEVICE_Init                       0x08001b29   Thumb Code    38  usb_device.o(i.MX_USB_DEVICE_Init)
    OTG_FS_IRQHandler                        0x08001b81   Thumb Code     6  stm32f2xx_it.o(i.OTG_FS_IRQHandler)
    RTC_Bcd2ToByte                           0x08001c23   Thumb Code    18  stm32f2xx_hal_rtc.o(i.RTC_Bcd2ToByte)
    RTC_ByteToBcd2                           0x08001c35   Thumb Code    22  stm32f2xx_hal_rtc.o(i.RTC_ByteToBcd2)
    RTC_EnterInitMode                        0x08001c4d   Thumb Code    58  stm32f2xx_hal_rtc.o(i.RTC_EnterInitMode)
    SysTick_Handler                          0x08001c87   Thumb Code    14  stm32f2xx_it.o(i.SysTick_Handler)
    SystemClock_Config                       0x08001c95   Thumb Code   118  main.o(i.SystemClock_Config)
    SystemInit                               0x08001d0d   Thumb Code    54  system_stm32f2xx.o(i.SystemInit)
    TAMP_STAMP_IRQHandler                    0x08001d55   Thumb Code    32  stm32f2xx_it.o(i.TAMP_STAMP_IRQHandler)
    USBD_CUSTOM_HID_RegisterInterface        0x08002101   Thumb Code    16  usbd_customhid.o(i.USBD_CUSTOM_HID_RegisterInterface)
    USBD_CUSTOM_HID_SendReport               0x08002111   Thumb Code    40  usbd_customhid.o(i.USBD_CUSTOM_HID_SendReport)
    USBD_ClrClassConfig                      0x080021f1   Thumb Code    14  usbd_core.o(i.USBD_ClrClassConfig)
    USBD_CtlContinueRx                       0x080021ff   Thumb Code    16  usbd_ioreq.o(i.USBD_CtlContinueRx)
    USBD_CtlContinueSendData                 0x0800220f   Thumb Code    16  usbd_ioreq.o(i.USBD_CtlContinueSendData)
    USBD_CtlError                            0x0800221f   Thumb Code    22  usbd_ctlreq.o(i.USBD_CtlError)
    USBD_CtlPrepareRx                        0x08002235   Thumb Code    30  usbd_ioreq.o(i.USBD_CtlPrepareRx)
    USBD_CtlReceiveStatus                    0x08002253   Thumb Code    22  usbd_ioreq.o(i.USBD_CtlReceiveStatus)
    USBD_CtlSendData                         0x08002269   Thumb Code    26  usbd_ioreq.o(i.USBD_CtlSendData)
    USBD_CtlSendStatus                       0x08002283   Thumb Code    22  usbd_ioreq.o(i.USBD_CtlSendStatus)
    USBD_FS_ConfigStrDescriptor              0x08002299   Thumb Code    16  usbd_desc.o(i.USBD_FS_ConfigStrDescriptor)
    USBD_FS_DeviceDescriptor                 0x080022c1   Thumb Code     8  usbd_desc.o(i.USBD_FS_DeviceDescriptor)
    USBD_FS_InterfaceStrDescriptor           0x080022cd   Thumb Code    16  usbd_desc.o(i.USBD_FS_InterfaceStrDescriptor)
    USBD_FS_LangIDStrDescriptor              0x080022f9   Thumb Code     8  usbd_desc.o(i.USBD_FS_LangIDStrDescriptor)
    USBD_FS_ManufacturerStrDescriptor        0x08002305   Thumb Code    16  usbd_desc.o(i.USBD_FS_ManufacturerStrDescriptor)
    USBD_FS_ProductStrDescriptor             0x08002325   Thumb Code    16  usbd_desc.o(i.USBD_FS_ProductStrDescriptor)
    USBD_FS_SerialStrDescriptor              0x0800235d   Thumb Code    90  usbd_desc.o(i.USBD_FS_SerialStrDescriptor)
    USBD_GetString                           0x080024cf   Thumb Code    70  usbd_ctlreq.o(i.USBD_GetString)
    USBD_Init                                0x08002515   Thumb Code    42  usbd_core.o(i.USBD_Init)
    USBD_LL_ClearStallEP                     0x0800253f   Thumb Code    14  usbd_conf.o(i.USBD_LL_ClearStallEP)
    USBD_LL_CloseEP                          0x0800254d   Thumb Code    14  usbd_conf.o(i.USBD_LL_CloseEP)
    USBD_LL_DataInStage                      0x0800255b   Thumb Code   170  usbd_core.o(i.USBD_LL_DataInStage)
    USBD_LL_DataOutStage                     0x08002605   Thumb Code   106  usbd_core.o(i.USBD_LL_DataOutStage)
    USBD_LL_DevConnected                     0x0800266f   Thumb Code     4  usbd_core.o(i.USBD_LL_DevConnected)
    USBD_LL_DevDisconnected                  0x08002673   Thumb Code    22  usbd_core.o(i.USBD_LL_DevDisconnected)
    USBD_LL_Init                             0x08002689   Thumb Code    86  usbd_conf.o(i.USBD_LL_Init)
    USBD_LL_IsStallEP                        0x080026e5   Thumb Code    32  usbd_conf.o(i.USBD_LL_IsStallEP)
    USBD_LL_IsoINIncomplete                  0x08002705   Thumb Code     4  usbd_core.o(i.USBD_LL_IsoINIncomplete)
    USBD_LL_IsoOUTIncomplete                 0x08002709   Thumb Code     4  usbd_core.o(i.USBD_LL_IsoOUTIncomplete)
    USBD_LL_OpenEP                           0x0800270d   Thumb Code    20  usbd_conf.o(i.USBD_LL_OpenEP)
    USBD_LL_PrepareReceive                   0x08002721   Thumb Code    14  usbd_conf.o(i.USBD_LL_PrepareReceive)
    USBD_LL_Reset                            0x0800272f   Thumb Code    62  usbd_core.o(i.USBD_LL_Reset)
    USBD_LL_Resume                           0x0800276d   Thumb Code    12  usbd_core.o(i.USBD_LL_Resume)
    USBD_LL_SOF                              0x08002779   Thumb Code    24  usbd_core.o(i.USBD_LL_SOF)
    USBD_LL_SetSpeed                         0x08002791   Thumb Code     6  usbd_core.o(i.USBD_LL_SetSpeed)
    USBD_LL_SetUSBAddress                    0x08002797   Thumb Code    14  usbd_conf.o(i.USBD_LL_SetUSBAddress)
    USBD_LL_SetupStage                       0x080027a5   Thumb Code    90  usbd_core.o(i.USBD_LL_SetupStage)
    USBD_LL_StallEP                          0x080027ff   Thumb Code    14  usbd_conf.o(i.USBD_LL_StallEP)
    USBD_LL_Start                            0x0800280d   Thumb Code    14  usbd_conf.o(i.USBD_LL_Start)
    USBD_LL_Suspend                          0x0800281b   Thumb Code    18  usbd_core.o(i.USBD_LL_Suspend)
    USBD_LL_Transmit                         0x0800282d   Thumb Code    14  usbd_conf.o(i.USBD_LL_Transmit)
    USBD_ParseSetupRequest                   0x0800283b   Thumb Code    40  usbd_ctlreq.o(i.USBD_ParseSetupRequest)
    USBD_RegisterClass                       0x08002863   Thumb Code    16  usbd_core.o(i.USBD_RegisterClass)
    USBD_SetClassConfig                      0x08002873   Thumb Code    22  usbd_core.o(i.USBD_SetClassConfig)
    USBD_Start                               0x080028fd   Thumb Code    10  usbd_core.o(i.USBD_Start)
    USBD_StdDevReq                           0x08002907   Thumb Code   242  usbd_ctlreq.o(i.USBD_StdDevReq)
    USBD_StdEPReq                            0x080029f9   Thumb Code   220  usbd_ctlreq.o(i.USBD_StdEPReq)
    USBD_StdItfReq                           0x08002ad5   Thumb Code    52  usbd_ctlreq.o(i.USBD_StdItfReq)
    USB_ActivateEndpoint                     0x08002b09   Thumb Code   122  stm32f2xx_ll_usb.o(i.USB_ActivateEndpoint)
    USB_ActivateSetup                        0x08002b89   Thumb Code    52  stm32f2xx_ll_usb.o(i.USB_ActivateSetup)
    USB_CoreInit                             0x08002bbd   Thumb Code   104  stm32f2xx_ll_usb.o(i.USB_CoreInit)
    USB_DeactivateEndpoint                   0x08002c61   Thumb Code   110  stm32f2xx_ll_usb.o(i.USB_DeactivateEndpoint)
    USB_DevConnect                           0x08002ccf   Thumb Code    24  stm32f2xx_ll_usb.o(i.USB_DevConnect)
    USB_DevDisconnect                        0x08002ce7   Thumb Code    24  stm32f2xx_ll_usb.o(i.USB_DevDisconnect)
    USB_DevInit                              0x08002d01   Thumb Code   306  stm32f2xx_ll_usb.o(i.USB_DevInit)
    USB_DisableGlobalInt                     0x08002e45   Thumb Code    12  stm32f2xx_ll_usb.o(i.USB_DisableGlobalInt)
    USB_EP0StartXfer                         0x08002e51   Thumb Code   316  stm32f2xx_ll_usb.o(i.USB_EP0StartXfer)
    USB_EP0_OutStart                         0x08002f91   Thumb Code    62  stm32f2xx_ll_usb.o(i.USB_EP0_OutStart)
    USB_EPClearStall                         0x08002fcf   Thumb Code   100  stm32f2xx_ll_usb.o(i.USB_EPClearStall)
    USB_EPSetStall                           0x08003033   Thumb Code    94  stm32f2xx_ll_usb.o(i.USB_EPSetStall)
    USB_EPStartXfer                          0x08003091   Thumb Code   534  stm32f2xx_ll_usb.o(i.USB_EPStartXfer)
    USB_EnableGlobalInt                      0x080032ad   Thumb Code    12  stm32f2xx_ll_usb.o(i.USB_EnableGlobalInt)
    USB_FlushRxFifo                          0x080032b9   Thumb Code    28  stm32f2xx_ll_usb.o(i.USB_FlushRxFifo)
    USB_FlushTxFifo                          0x080032d9   Thumb Code    32  stm32f2xx_ll_usb.o(i.USB_FlushTxFifo)
    USB_GetDevSpeed                          0x080032fd   Thumb Code    60  stm32f2xx_ll_usb.o(i.USB_GetDevSpeed)
    USB_GetMode                              0x08003339   Thumb Code     8  stm32f2xx_ll_usb.o(i.USB_GetMode)
    USB_ReadDevAllInEpInterrupt              0x08003341   Thumb Code    14  stm32f2xx_ll_usb.o(i.USB_ReadDevAllInEpInterrupt)
    USB_ReadDevAllOutEpInterrupt             0x0800334f   Thumb Code    14  stm32f2xx_ll_usb.o(i.USB_ReadDevAllOutEpInterrupt)
    USB_ReadDevInEPInterrupt                 0x0800335d   Thumb Code    30  stm32f2xx_ll_usb.o(i.USB_ReadDevInEPInterrupt)
    USB_ReadDevOutEPInterrupt                0x0800337b   Thumb Code    16  stm32f2xx_ll_usb.o(i.USB_ReadDevOutEPInterrupt)
    USB_ReadInterrupts                       0x0800338b   Thumb Code     8  stm32f2xx_ll_usb.o(i.USB_ReadInterrupts)
    USB_ReadPacket                           0x08003393   Thumb Code    32  stm32f2xx_ll_usb.o(i.USB_ReadPacket)
    USB_SetCurrentMode                       0x080033b3   Thumb Code    44  stm32f2xx_ll_usb.o(i.USB_SetCurrentMode)
    USB_SetDevAddress                        0x080033df   Thumb Code    34  stm32f2xx_ll_usb.o(i.USB_SetDevAddress)
    USB_WritePacket                          0x08003401   Thumb Code    40  stm32f2xx_ll_usb.o(i.USB_WritePacket)
    __scatterload_copy                       0x08003429   Thumb Code    14  handlers.o(i.__scatterload_copy)
    __scatterload_null                       0x08003437   Thumb Code     2  handlers.o(i.__scatterload_null)
    __scatterload_zeroinit                   0x08003439   Thumb Code    14  handlers.o(i.__scatterload_zeroinit)
    free                                     0x08003449   Thumb Code    76  malloc.o(i.free)
    main                                     0x08003499   Thumb Code   500  main.o(i.main)
    malloc                                   0x080036a5   Thumb Code    92  malloc.o(i.malloc)
    APBAHBPrescTable                         0x08003710   Data          16  stm32f2xx_hal_rcc.o(.constdata)
    Region$$Table$$Base                      0x08003720   Number         0  anon$$obj.o(Region$$Table)
    Region$$Table$$Limit                     0x08003740   Number         0  anon$$obj.o(Region$$Table)
    USBD_CUSTOM_HID                          0x20000008   Data          60  usbd_customhid.o(.data)
    STATUSM                                  0x200000a4   Data           1  main.o(.data)
    TEST_RNG_BYTE                            0x200000a5   Data           1  main.o(.data)
    trng                                     0x200000a8   Data           4  main.o(.data)
    hcrc                                     0x200000ac   Data           8  main.o(.data)
    FS_Desc                                  0x200000c4   Data          28  usbd_desc.o(.data)
    USBD_LangIDDesc                          0x200000e0   Data           4  usbd_desc.o(.data)
    USBD_FS_DeviceDesc                       0x200000e4   Data          18  usbd_desc.o(.data)
    USBD_CustomHID_fops_FS                   0x20000120   Data          16  usbd_custom_hid_if.o(.data)
    hUsbDevice_0                             0x20000130   Data           4  usbd_custom_hid_if.o(.data)
    SystemCoreClock                          0x20000134   Data           4  system_stm32f2xx.o(.data)
    __microlib_freelist                      0x20000138   Data           4  mvars.o(.data)
    __microlib_freelist_initialised          0x2000013c   Data           4  mvars.o(.data)
    hpcd_USB_OTG_FS                          0x20000140   Data         944  usbd_conf.o(.bss)
    hUsbDeviceFS                             0x200004f0   Data         548  usb_device.o(.bss)
    hrng                                     0x20000714   Data          12  main.o(.bss)
    hrtc                                     0x20000720   Data          32  main.o(.bss)
    USB_RX_Buffer                            0x20000740   Data          64  main.o(.bss)
    USB_TX_Buffer                            0x20000780   Data          64  main.o(.bss)
    USBD_StrDesc                             0x200007c0   Data         512  usbd_desc.o(.bss)
    __heap_base                              0x200009c0   Data           0  startup_stm32f205xx.o(HEAP)
    __heap_limit                             0x20000dc0   Data           0  startup_stm32f205xx.o(HEAP)
    __initial_sp                             0x20000fc0   Data           0  startup_stm32f205xx.o(STACK)



==============================================================================

Memory Map of the image

  Image Entry point : 0x08000185

  Load Region LR_IROM1 (Base: 0x08000000, Size: 0x00003880, Max: 0x00080000, ABSOLUTE, COMPRESSED[0x000037fc])

    Execution Region ER_IROM1 (Base: 0x08000000, Size: 0x00003740, Max: 0x00080000, ABSOLUTE)

    Base Addr    Size         Type   Attr      Idx    E Section Name        Object

    0x08000000   0x00000184   Data   RO         2964    RESET               startup_stm32f205xx.o
    0x08000184   0x00000000   Code   RO         3006  * .ARM.Collect$$$$00000000  mc_w.l(entry.o)
    0x08000184   0x00000004   Code   RO         3043    .ARM.Collect$$$$00000001  mc_w.l(entry2.o)
    0x08000188   0x00000004   Code   RO         3046    .ARM.Collect$$$$00000004  mc_w.l(entry5.o)
    0x0800018c   0x00000000   Code   RO         3048    .ARM.Collect$$$$00000008  mc_w.l(entry7b.o)
    0x0800018c   0x00000000   Code   RO         3050    .ARM.Collect$$$$0000000A  mc_w.l(entry8b.o)
    0x0800018c   0x00000008   Code   RO         3051    .ARM.Collect$$$$0000000B  mc_w.l(entry9a.o)
    0x08000194   0x00000000   Code   RO         3053    .ARM.Collect$$$$0000000D  mc_w.l(entry10a.o)
    0x08000194   0x00000000   Code   RO         3055    .ARM.Collect$$$$0000000F  mc_w.l(entry11a.o)
    0x08000194   0x00000004   Code   RO         3044    .ARM.Collect$$$$00002712  mc_w.l(entry2.o)
    0x08000198   0x00000024   Code   RO         2965    .text               startup_stm32f205xx.o
    0x080001bc   0x00000024   Code   RO         3009    .text               mc_w.l(memcpya.o)
    0x080001e0   0x00000024   Code   RO         3011    .text               mc_w.l(memseta.o)
    0x08000204   0x00000024   Code   RO         3059    .text               mc_w.l(init.o)
    0x08000228   0x00000056   Code   RO         3069    .text               mc_w.l(__dczerorl2.o)
    0x0800027e   0x00000002   PAD
    0x08000280   0x0000001c   Code   RO         2678    i.CLR_USB_TX_RX_Buffers  main.o
    0x0800029c   0x00000004   Code   RO         2817    i.CUSTOM_HID_DeInit_FS  usbd_custom_hid_if.o
    0x080002a0   0x00000014   Code   RO         2818    i.CUSTOM_HID_Init_FS  usbd_custom_hid_if.o
    0x080002b4   0x00000024   Code   RO         2819    i.CUSTOM_HID_OutEvent_FS  usbd_custom_hid_if.o
    0x080002d8   0x00000026   Code   RO         2030    i.HAL_CRC_Init      stm32f2xx_hal_crc.o
    0x080002fe   0x00000002   PAD
    0x08000300   0x00000028   Code   RO         2906    i.HAL_CRC_MspInit   stm32f2xx_hal_msp.o
    0x08000328   0x00000016   Code   RO         1184    i.HAL_Delay         stm32f2xx_hal.o
    0x0800033e   0x00000002   PAD
    0x08000340   0x000001c0   Code   RO         1963    i.HAL_GPIO_Init     stm32f2xx_hal_gpio.o
    0x08000500   0x0000000a   Code   RO         1967    i.HAL_GPIO_WritePin  stm32f2xx_hal_gpio.o
    0x0800050a   0x00000002   PAD
    0x0800050c   0x0000000c   Code   RO         1190    i.HAL_GetTick       stm32f2xx_hal.o
    0x08000518   0x00000010   Code   RO         1191    i.HAL_IncTick       stm32f2xx_hal.o
    0x08000528   0x00000034   Code   RO         1192    i.HAL_Init          stm32f2xx_hal.o
    0x0800055c   0x00000022   Code   RO         1193    i.HAL_InitTick      stm32f2xx_hal.o
    0x0800057e   0x00000016   Code   RO         2907    i.HAL_MspInit       stm32f2xx_hal_msp.o
    0x08000594   0x00000016   Code   RO         1326    i.HAL_NVIC_EnableIRQ  stm32f2xx_hal_cortex.o
    0x080005aa   0x00000002   PAD
    0x080005ac   0x00000040   Code   RO         1332    i.HAL_NVIC_SetPriority  stm32f2xx_hal_cortex.o
    0x080005ec   0x00000024   Code   RO         1333    i.HAL_NVIC_SetPriorityGrouping  stm32f2xx_hal_cortex.o
    0x08000610   0x00000008   Code   RO         1446    i.HAL_PCDEx_SetRxFiFo  stm32f2xx_hal_pcd_ex.o
    0x08000618   0x00000044   Code   RO         1447    i.HAL_PCDEx_SetTxFiFo  stm32f2xx_hal_pcd_ex.o
    0x0800065c   0x00000008   Code   RO         2451    i.HAL_PCD_ConnectCallback  usbd_conf.o
    0x08000664   0x00000012   Code   RO         2452    i.HAL_PCD_DataInStageCallback  usbd_conf.o
    0x08000676   0x00000014   Code   RO         2453    i.HAL_PCD_DataOutStageCallback  usbd_conf.o
    0x0800068a   0x00000008   Code   RO         2454    i.HAL_PCD_DisconnectCallback  usbd_conf.o
    0x08000692   0x00000044   Code   RO          590    i.HAL_PCD_EP_Close  stm32f2xx_hal_pcd.o
    0x080006d6   0x00000050   Code   RO          591    i.HAL_PCD_EP_ClrStall  stm32f2xx_hal_pcd.o
    0x08000726   0x00000054   Code   RO          594    i.HAL_PCD_EP_Open   stm32f2xx_hal_pcd.o
    0x0800077a   0x00000002   PAD
    0x0800077c   0x0000005e   Code   RO          595    i.HAL_PCD_EP_Receive  stm32f2xx_hal_pcd.o
    0x080007da   0x00000060   Code   RO          596    i.HAL_PCD_EP_SetStall  stm32f2xx_hal_pcd.o
    0x0800083a   0x00000056   Code   RO          597    i.HAL_PCD_EP_Transmit  stm32f2xx_hal_pcd.o
    0x08000890   0x000003e4   Code   RO          599    i.HAL_PCD_IRQHandler  stm32f2xx_hal_pcd.o
    0x08000c74   0x00000008   Code   RO         2455    i.HAL_PCD_ISOINIncompleteCallback  usbd_conf.o
    0x08000c7c   0x00000008   Code   RO         2456    i.HAL_PCD_ISOOUTIncompleteCallback  usbd_conf.o
    0x08000c84   0x000000be   Code   RO          602    i.HAL_PCD_Init      stm32f2xx_hal_pcd.o
    0x08000d42   0x00000002   PAD
    0x08000d44   0x00000064   Code   RO         2458    i.HAL_PCD_MspInit   usbd_conf.o
    0x08000da8   0x00000020   Code   RO         2459    i.HAL_PCD_ResetCallback  usbd_conf.o
    0x08000dc8   0x00000008   Code   RO         2460    i.HAL_PCD_ResumeCallback  usbd_conf.o
    0x08000dd0   0x00000008   Code   RO         2461    i.HAL_PCD_SOFCallback  usbd_conf.o
    0x08000dd8   0x00000024   Code   RO          608    i.HAL_PCD_SetAddress  stm32f2xx_hal_pcd.o
    0x08000dfc   0x0000000e   Code   RO         2462    i.HAL_PCD_SetupStageCallback  usbd_conf.o
    0x08000e0a   0x0000002a   Code   RO          610    i.HAL_PCD_Start     stm32f2xx_hal_pcd.o
    0x08000e34   0x00000030   Code   RO         2463    i.HAL_PCD_SuspendCallback  usbd_conf.o
    0x08000e64   0x00000150   Code   RO          145    i.HAL_RCCEx_PeriphCLKConfig  stm32f2xx_hal_rcc_ex.o
    0x08000fb4   0x000001b8   Code   RO         1856    i.HAL_RCC_ClockConfig  stm32f2xx_hal_rcc.o
    0x0800116c   0x00000034   Code   RO         1861    i.HAL_RCC_GetHCLKFreq  stm32f2xx_hal_rcc.o
    0x080011a0   0x00000074   Code   RO         1865    i.HAL_RCC_GetSysClockFreq  stm32f2xx_hal_rcc.o
    0x08001214   0x00000338   Code   RO         1868    i.HAL_RCC_OscConfig  stm32f2xx_hal_rcc.o
    0x0800154c   0x00000002   Code   RO         1760    i.HAL_RNG_ErrorCallback  stm32f2xx_hal_rng.o
    0x0800154e   0x00000002   PAD
    0x08001550   0x0000006a   Code   RO         1761    i.HAL_RNG_GenerateRandomNumber  stm32f2xx_hal_rng.o
    0x080015ba   0x00000016   Code   RO         1763    i.HAL_RNG_GetRandomNumber  stm32f2xx_hal_rng.o
    0x080015d0   0x00000052   Code   RO         1766    i.HAL_RNG_IRQHandler  stm32f2xx_hal_rng.o
    0x08001622   0x0000003e   Code   RO         1767    i.HAL_RNG_Init      stm32f2xx_hal_rng.o
    0x08001660   0x0000003c   Code   RO         2909    i.HAL_RNG_MspInit   stm32f2xx_hal_msp.o
    0x0800169c   0x00000002   Code   RO         1771    i.HAL_RNG_ReadyDataCallback  stm32f2xx_hal_rng.o
    0x0800169e   0x00000002   Code   RO          198    i.HAL_RTCEx_Tamper1EventCallback  stm32f2xx_hal_rtc_ex.o
    0x080016a0   0x0000005c   Code   RO          199    i.HAL_RTCEx_TamperTimeStampIRQHandler  stm32f2xx_hal_rtc_ex.o
    0x080016fc   0x00000002   Code   RO          200    i.HAL_RTCEx_TimeStampEventCallback  stm32f2xx_hal_rtc_ex.o
    0x080016fe   0x00000002   PAD
    0x08001700   0x00000044   Code   RO          449    i.HAL_RTC_GetDate   stm32f2xx_hal_rtc.o
    0x08001744   0x00000048   Code   RO          451    i.HAL_RTC_GetTime   stm32f2xx_hal_rtc.o
    0x0800178c   0x0000009c   Code   RO          452    i.HAL_RTC_Init      stm32f2xx_hal_rtc.o
    0x08001828   0x00000030   Code   RO         2911    i.HAL_RTC_MspInit   stm32f2xx_hal_msp.o
    0x08001858   0x000000c8   Code   RO          458    i.HAL_RTC_SetDate   stm32f2xx_hal_rtc.o
    0x08001920   0x000000e8   Code   RO          459    i.HAL_RTC_SetTime   stm32f2xx_hal_rtc.o
    0x08001a08   0x00000036   Code   RO          460    i.HAL_RTC_WaitForSynchro  stm32f2xx_hal_rtc.o
    0x08001a3e   0x00000018   Code   RO         1335    i.HAL_SYSTICK_CLKSourceConfig  stm32f2xx_hal_cortex.o
    0x08001a56   0x00000002   Code   RO         1336    i.HAL_SYSTICK_Callback  stm32f2xx_hal_cortex.o
    0x08001a58   0x00000028   Code   RO         1337    i.HAL_SYSTICK_Config  stm32f2xx_hal_cortex.o
    0x08001a80   0x00000008   Code   RO         1338    i.HAL_SYSTICK_IRQHandler  stm32f2xx_hal_cortex.o
    0x08001a88   0x0000000c   Code   RO         2859    i.HASH_RNG_IRQHandler  stm32f2xx_it.o
    0x08001a94   0x00000094   Code   RO         2679    i.MX_GPIO_Init      main.o
    0x08001b28   0x00000038   Code   RO         2640    i.MX_USB_DEVICE_Init  usb_device.o
    0x08001b60   0x00000020   Code   RO         1339    i.NVIC_SetPriority  stm32f2xx_hal_cortex.o
    0x08001b80   0x0000000c   Code   RO         2860    i.OTG_FS_IRQHandler  stm32f2xx_it.o
    0x08001b8c   0x00000096   Code   RO          613    i.PCD_WriteEmptyTxFifo  stm32f2xx_hal_pcd.o
    0x08001c22   0x00000012   Code   RO          461    i.RTC_Bcd2ToByte    stm32f2xx_hal_rtc.o
    0x08001c34   0x00000016   Code   RO          462    i.RTC_ByteToBcd2    stm32f2xx_hal_rtc.o
    0x08001c4a   0x00000002   PAD
    0x08001c4c   0x0000003a   Code   RO          463    i.RTC_EnterInitMode  stm32f2xx_hal_rtc.o
    0x08001c86   0x0000000e   Code   RO         2861    i.SysTick_Handler   stm32f2xx_it.o
    0x08001c94   0x00000076   Code   RO         2682    i.SystemClock_Config  main.o
    0x08001d0a   0x00000002   PAD
    0x08001d0c   0x00000048   Code   RO         2973    i.SystemInit        system_stm32f2xx.o
    0x08001d54   0x0000002c   Code   RO         2862    i.TAMP_STAMP_IRQHandler  stm32f2xx_it.o
    0x08001d80   0x00000294   Code   RO         2683    i.TEST_RNG_FIPS_140  main.o
    0x08002014   0x0000000e   Code   RO         2310    i.USBD_CUSTOM_HID_DataIn  usbd_customhid.o
    0x08002022   0x00000024   Code   RO         2311    i.USBD_CUSTOM_HID_DataOut  usbd_customhid.o
    0x08002046   0x00000032   Code   RO         2312    i.USBD_CUSTOM_HID_DeInit  usbd_customhid.o
    0x08002078   0x00000022   Code   RO         2313    i.USBD_CUSTOM_HID_EP0_RxReady  usbd_customhid.o
    0x0800209a   0x00000002   PAD
    0x0800209c   0x0000000c   Code   RO         2314    i.USBD_CUSTOM_HID_GetCfgDesc  usbd_customhid.o
    0x080020a8   0x0000000c   Code   RO         2315    i.USBD_CUSTOM_HID_GetDeviceQualifierDesc  usbd_customhid.o
    0x080020b4   0x0000004c   Code   RO         2316    i.USBD_CUSTOM_HID_Init  usbd_customhid.o
    0x08002100   0x00000010   Code   RO         2317    i.USBD_CUSTOM_HID_RegisterInterface  usbd_customhid.o
    0x08002110   0x00000028   Code   RO         2318    i.USBD_CUSTOM_HID_SendReport  usbd_customhid.o
    0x08002138   0x000000b8   Code   RO         2319    i.USBD_CUSTOM_HID_Setup  usbd_customhid.o
    0x080021f0   0x0000000e   Code   RO         2086    i.USBD_ClrClassConfig  usbd_core.o
    0x080021fe   0x00000010   Code   RO         2391    i.USBD_CtlContinueRx  usbd_ioreq.o
    0x0800220e   0x00000010   Code   RO         2392    i.USBD_CtlContinueSendData  usbd_ioreq.o
    0x0800221e   0x00000016   Code   RO         2245    i.USBD_CtlError     usbd_ctlreq.o
    0x08002234   0x0000001e   Code   RO         2393    i.USBD_CtlPrepareRx  usbd_ioreq.o
    0x08002252   0x00000016   Code   RO         2394    i.USBD_CtlReceiveStatus  usbd_ioreq.o
    0x08002268   0x0000001a   Code   RO         2395    i.USBD_CtlSendData  usbd_ioreq.o
    0x08002282   0x00000016   Code   RO         2396    i.USBD_CtlSendStatus  usbd_ioreq.o
    0x08002298   0x00000028   Code   RO         2749    i.USBD_FS_ConfigStrDescriptor  usbd_desc.o
    0x080022c0   0x0000000c   Code   RO         2750    i.USBD_FS_DeviceDescriptor  usbd_desc.o
    0x080022cc   0x0000002c   Code   RO         2751    i.USBD_FS_InterfaceStrDescriptor  usbd_desc.o
    0x080022f8   0x0000000c   Code   RO         2752    i.USBD_FS_LangIDStrDescriptor  usbd_desc.o
    0x08002304   0x00000020   Code   RO         2753    i.USBD_FS_ManufacturerStrDescriptor  usbd_desc.o
    0x08002324   0x00000038   Code   RO         2754    i.USBD_FS_ProductStrDescriptor  usbd_desc.o
    0x0800235c   0x00000080   Code   RO         2755    i.USBD_FS_SerialStrDescriptor  usbd_desc.o
    0x080023dc   0x000000f2   Code   RO         2246    i.USBD_GetDescriptor  usbd_ctlreq.o
    0x080024ce   0x00000046   Code   RO         2247    i.USBD_GetString    usbd_ctlreq.o
    0x08002514   0x0000002a   Code   RO         2088    i.USBD_Init         usbd_core.o
    0x0800253e   0x0000000e   Code   RO         2464    i.USBD_LL_ClearStallEP  usbd_conf.o
    0x0800254c   0x0000000e   Code   RO         2465    i.USBD_LL_CloseEP   usbd_conf.o
    0x0800255a   0x000000aa   Code   RO         2089    i.USBD_LL_DataInStage  usbd_core.o
    0x08002604   0x0000006a   Code   RO         2090    i.USBD_LL_DataOutStage  usbd_core.o
    0x0800266e   0x00000004   Code   RO         2091    i.USBD_LL_DevConnected  usbd_core.o
    0x08002672   0x00000016   Code   RO         2092    i.USBD_LL_DevDisconnected  usbd_core.o
    0x08002688   0x0000005c   Code   RO         2470    i.USBD_LL_Init      usbd_conf.o
    0x080026e4   0x00000020   Code   RO         2471    i.USBD_LL_IsStallEP  usbd_conf.o
    0x08002704   0x00000004   Code   RO         2093    i.USBD_LL_IsoINIncomplete  usbd_core.o
    0x08002708   0x00000004   Code   RO         2094    i.USBD_LL_IsoOUTIncomplete  usbd_core.o
    0x0800270c   0x00000014   Code   RO         2472    i.USBD_LL_OpenEP    usbd_conf.o
    0x08002720   0x0000000e   Code   RO         2473    i.USBD_LL_PrepareReceive  usbd_conf.o
    0x0800272e   0x0000003e   Code   RO         2095    i.USBD_LL_Reset     usbd_core.o
    0x0800276c   0x0000000c   Code   RO         2096    i.USBD_LL_Resume    usbd_core.o
    0x08002778   0x00000018   Code   RO         2097    i.USBD_LL_SOF       usbd_core.o
    0x08002790   0x00000006   Code   RO         2098    i.USBD_LL_SetSpeed  usbd_core.o
    0x08002796   0x0000000e   Code   RO         2474    i.USBD_LL_SetUSBAddress  usbd_conf.o
    0x080027a4   0x0000005a   Code   RO         2099    i.USBD_LL_SetupStage  usbd_core.o
    0x080027fe   0x0000000e   Code   RO         2475    i.USBD_LL_StallEP   usbd_conf.o
    0x0800280c   0x0000000e   Code   RO         2476    i.USBD_LL_Start     usbd_conf.o
    0x0800281a   0x00000012   Code   RO         2100    i.USBD_LL_Suspend   usbd_core.o
    0x0800282c   0x0000000e   Code   RO         2478    i.USBD_LL_Transmit  usbd_conf.o
    0x0800283a   0x00000028   Code   RO         2248    i.USBD_ParseSetupRequest  usbd_ctlreq.o
    0x08002862   0x00000010   Code   RO         2101    i.USBD_RegisterClass  usbd_core.o
    0x08002872   0x00000016   Code   RO         2103    i.USBD_SetClassConfig  usbd_core.o
    0x08002888   0x00000074   Code   RO         2249    i.USBD_SetConfig    usbd_ctlreq.o
    0x080028fc   0x0000000a   Code   RO         2104    i.USBD_Start        usbd_core.o
    0x08002906   0x000000f2   Code   RO         2250    i.USBD_StdDevReq    usbd_ctlreq.o
    0x080029f8   0x000000dc   Code   RO         2251    i.USBD_StdEPReq     usbd_ctlreq.o
    0x08002ad4   0x00000034   Code   RO         2252    i.USBD_StdItfReq    usbd_ctlreq.o
    0x08002b08   0x00000080   Code   RO         1477    i.USB_ActivateEndpoint  stm32f2xx_ll_usb.o
    0x08002b88   0x00000034   Code   RO         1478    i.USB_ActivateSetup  stm32f2xx_ll_usb.o
    0x08002bbc   0x0000006c   Code   RO         1480    i.USB_CoreInit      stm32f2xx_ll_usb.o
    0x08002c28   0x00000038   Code   RO         1481    i.USB_CoreReset     stm32f2xx_ll_usb.o
    0x08002c60   0x0000006e   Code   RO         1483    i.USB_DeactivateEndpoint  stm32f2xx_ll_usb.o
    0x08002cce   0x00000018   Code   RO         1484    i.USB_DevConnect    stm32f2xx_ll_usb.o
    0x08002ce6   0x00000018   Code   RO         1485    i.USB_DevDisconnect  stm32f2xx_ll_usb.o
    0x08002cfe   0x00000002   PAD
    0x08002d00   0x00000144   Code   RO         1486    i.USB_DevInit       stm32f2xx_ll_usb.o
    0x08002e44   0x0000000c   Code   RO         1487    i.USB_DisableGlobalInt  stm32f2xx_ll_usb.o
    0x08002e50   0x00000140   Code   RO         1490    i.USB_EP0StartXfer  stm32f2xx_ll_usb.o
    0x08002f90   0x0000003e   Code   RO         1491    i.USB_EP0_OutStart  stm32f2xx_ll_usb.o
    0x08002fce   0x00000064   Code   RO         1492    i.USB_EPClearStall  stm32f2xx_ll_usb.o
    0x08003032   0x0000005e   Code   RO         1493    i.USB_EPSetStall    stm32f2xx_ll_usb.o
    0x08003090   0x0000021c   Code   RO         1494    i.USB_EPStartXfer   stm32f2xx_ll_usb.o
    0x080032ac   0x0000000c   Code   RO         1495    i.USB_EnableGlobalInt  stm32f2xx_ll_usb.o
    0x080032b8   0x00000020   Code   RO         1496    i.USB_FlushRxFifo   stm32f2xx_ll_usb.o
    0x080032d8   0x00000024   Code   RO         1497    i.USB_FlushTxFifo   stm32f2xx_ll_usb.o
    0x080032fc   0x0000003c   Code   RO         1499    i.USB_GetDevSpeed   stm32f2xx_ll_usb.o
    0x08003338   0x00000008   Code   RO         1501    i.USB_GetMode       stm32f2xx_ll_usb.o
    0x08003340   0x0000000e   Code   RO         1508    i.USB_ReadDevAllInEpInterrupt  stm32f2xx_ll_usb.o
    0x0800334e   0x0000000e   Code   RO         1509    i.USB_ReadDevAllOutEpInterrupt  stm32f2xx_ll_usb.o
    0x0800335c   0x0000001e   Code   RO         1510    i.USB_ReadDevInEPInterrupt  stm32f2xx_ll_usb.o
    0x0800337a   0x00000010   Code   RO         1511    i.USB_ReadDevOutEPInterrupt  stm32f2xx_ll_usb.o
    0x0800338a   0x00000008   Code   RO         1512    i.USB_ReadInterrupts  stm32f2xx_ll_usb.o
    0x08003392   0x00000020   Code   RO         1513    i.USB_ReadPacket    stm32f2xx_ll_usb.o
    0x080033b2   0x0000002c   Code   RO         1515    i.USB_SetCurrentMode  stm32f2xx_ll_usb.o
    0x080033de   0x00000022   Code   RO         1516    i.USB_SetDevAddress  stm32f2xx_ll_usb.o
    0x08003400   0x00000028   Code   RO         1520    i.USB_WritePacket   stm32f2xx_ll_usb.o
    0x08003428   0x0000000e   Code   RO         3063    i.__scatterload_copy  mc_w.l(handlers.o)
    0x08003436   0x00000002   Code   RO         3064    i.__scatterload_null  mc_w.l(handlers.o)
    0x08003438   0x0000000e   Code   RO         3065    i.__scatterload_zeroinit  mc_w.l(handlers.o)
    0x08003446   0x00000002   PAD
    0x08003448   0x00000050   Code   RO         3015    i.free              mc_w.l(malloc.o)
    0x08003498   0x0000020c   Code   RO         2684    i.main              main.o
    0x080036a4   0x0000006c   Code   RO         3016    i.malloc            mc_w.l(malloc.o)
    0x08003710   0x00000010   Data   RO         1869    .constdata          stm32f2xx_hal_rcc.o
    0x08003720   0x00000020   Data   RO         3061    Region$$Table       anon$$obj.o


    Execution Region RW_IRAM1 (Base: 0x20000000, Size: 0x00000fc0, Max: 0x00020000, ABSOLUTE, COMPRESSED[0x000000bc])

    Base Addr    Size         Type   Attr      Idx    E Section Name        Object

    0x20000000   0x00000004   Data   RW         1198    .data               stm32f2xx_hal.o
    0x20000004   0x00000001   Data   RW         2253    .data               usbd_ctlreq.o
    0x20000005   0x00000003   PAD
    0x20000008   0x0000003c   Data   RW         2320    .data               usbd_customhid.o
    0x20000044   0x0000005e   Data   RW         2321    .data               usbd_customhid.o
    0x200000a2   0x00000002   PAD
    0x200000a4   0x00000020   Data   RW         2687    .data               main.o
    0x200000c4   0x0000001c   Data   RW         2757    .data               usbd_desc.o
    0x200000e0   0x00000016   Data   RW         2758    .data               usbd_desc.o
    0x200000f6   0x00000002   PAD
    0x200000f8   0x00000026   Data   RW         2820    .data               usbd_custom_hid_if.o
    0x2000011e   0x00000002   PAD
    0x20000120   0x00000010   Data   RW         2821    .data               usbd_custom_hid_if.o
    0x20000130   0x00000004   Data   RW         2822    .data               usbd_custom_hid_if.o
    0x20000134   0x00000004   Data   RW         2975    .data               system_stm32f2xx.o
    0x20000138   0x00000004   Data   RW         3057    .data               mc_w.l(mvars.o)
    0x2000013c   0x00000004   Data   RW         3058    .data               mc_w.l(mvars.o)
    0x20000140   0x000003b0   Zero   RW         2479    .bss                usbd_conf.o
    0x200004f0   0x00000224   Zero   RW         2641    .bss                usb_device.o
    0x20000714   0x000000ac   Zero   RW         2685    .bss                main.o
    0x200007c0   0x00000200   Zero   RW         2756    .bss                usbd_desc.o
    0x200009c0   0x00000400   Zero   RW         2963    HEAP                startup_stm32f205xx.o
    0x20000dc0   0x00000200   Zero   RW         2962    STACK               startup_stm32f205xx.o


==============================================================================

Image component sizes


      Code (inc. data)   RO Data    RW Data    ZI Data      Debug   Object Name

      1478         58          0         32        172       6230   main.o
        36          8        388          0       1536        764   startup_stm32f205xx.o
       136         16          0          4          0       3950   stm32f2xx_hal.o
       228         14          0          0          0      28853   stm32f2xx_hal_cortex.o
        38          0          0          0          0       1007   stm32f2xx_hal_crc.o
         0          0          0          0          0     320808   stm32f2xx_hal_dma_ex.o
       458         50          0          0          0       2424   stm32f2xx_hal_gpio.o
       170         30          0          0          0       2364   stm32f2xx_hal_msp.o
      1922          0          0          0          0       9893   stm32f2xx_hal_pcd.o
        76          0          0          0          0       1724   stm32f2xx_hal_pcd_ex.o
      1432         56         16          0          0       4677   stm32f2xx_hal_rcc.o
       336         20          0          0          0       1348   stm32f2xx_hal_rcc_ex.o
       276          0          0          0          0       4189   stm32f2xx_hal_rng.o
       880         26          0          0          0       6984   stm32f2xx_hal_rtc.o
        96          6          0          0          0       2102   stm32f2xx_hal_rtc_ex.o
        82         24          0          0          0       1772   stm32f2xx_it.o
      2334         52          0          0          0      19016   stm32f2xx_ll_usb.o
        72         18          0          4          0       1301   system_stm32f2xx.o
        56         18          0          0        548       2094   usb_device.o
       522         18          0          0        944      11818   usbd_conf.o
       626          0          0          0          0      15494   usbd_core.o
      1004         30          0          1          0       7588   usbd_ctlreq.o
        60         18          0         58          0       2103   usbd_custom_hid_if.o
       474         22          0        154          0       9167   usbd_customhid.o
       324        154          0         50        512       4935   usbd_desc.o
       132          0          0          0          0       4128   usbd_ioreq.o

    ----------------------------------------------------------------------
     13272        638        436        312       3712     476733   Object Totals
         0          0         32          0          0          0   (incl. Generated)
        24          0          0          9          0          0   (incl. Padding)

    ----------------------------------------------------------------------

      Code (inc. data)   RO Data    RW Data    ZI Data      Debug   Library Member Name

        86          0          0          0          0          0   __dczerorl2.o
         0          0          0          0          0          0   entry.o
         0          0          0          0          0          0   entry10a.o
         0          0          0          0          0          0   entry11a.o
         8          4          0          0          0          0   entry2.o
         4          0          0          0          0          0   entry5.o
         0          0          0          0          0          0   entry7b.o
         0          0          0          0          0          0   entry8b.o
         8          4          0          0          0          0   entry9a.o
        30          0          0          0          0          0   handlers.o
        36          8          0          0          0         68   init.o
       188         20          0          0          0        160   malloc.o
        36          0          0          0          0         68   memcpya.o
        36          0          0          0          0        108   memseta.o
         0          0          0          8          0          0   mvars.o

    ----------------------------------------------------------------------
       436         36          0          8          0        404   Library Totals
         4          0          0          0          0          0   (incl. Padding)

    ----------------------------------------------------------------------

      Code (inc. data)   RO Data    RW Data    ZI Data      Debug   Library Name

       432         36          0          8          0        404   mc_w.l

    ----------------------------------------------------------------------
       436         36          0          8          0        404   Library Totals

    ----------------------------------------------------------------------

==============================================================================


      Code (inc. data)   RO Data    RW Data    ZI Data      Debug   

     13708        674        436        320       3712     468737   Grand Totals
     13708        674        436        188       3712     468737   ELF Image Totals (compressed)
     13708        674        436        188          0          0   ROM Totals

==============================================================================

    Total RO  Size (Code + RO Data)                14144 (  13.81kB)
    Total RW  Size (RW Data + ZI Data)              4032 (   3.94kB)
    Total ROM Size (Code + RO Data + RW Data)      14332 (  14.00kB)

==============================================================================

