<html>
<body>
<pre>
<h1>µVision Build Log</h1>
<h2>Tool Versions:</h2>
IDE-Version: µVision V5.15
Copyright (C) 2015 ARM Ltd and ARM Germany GmbH. All rights reserved.
License Information: Vadik Vadik, Contact, LIC=----
 
Tool Versions:
Toolchain:       MDK-Lite  Version: 5.15.0
Toolchain Path:  C:\Keil_v5\ARM\ARMCC\Bin
C Compiler:      Armcc.exe V5.05 update 2 (build 169)
Assembler:       Armasm.exe V5.05 update 2 (build 169)
Linker/Locator:  ArmLink.exe V5.05 update 2 (build 169)
Library Manager: ArmAr.exe V5.05 update 2 (build 169)
Hex Converter:   FromElf.exe V5.05 update 2 (build 169)
CPU DLL:         SARMCM3.DLL V5.15.0
Dialog DLL:      DCM.DLL V1.13.2.0
Target DLL:      STLink\ST-LINKIII-KEIL_SWO.dll V2.0.15.0_KEIL
Dialog DLL:      TCM.DLL V1.14.5.0
 
<h2>Project:</h2>
F:\zenya\exam\TEMP\NEW_CUBE\205\RNG\USB_BAR\MDK-ARM\USB_BAR.uvprojx
Project File Date:  05/17/2016

<h2>Output:</h2>
*** Using Compiler 'V5.05 update 2 (build 169)', folder: 'C:\Keil_v5\ARM\ARMCC\Bin'
Rebuild target 'USB_BAR'
compiling stm32f2xx_hal_dma_ex.c...
compiling stm32f2xx_hal_rcc_ex.c...
compiling stm32f2xx_hal_rtc_ex.c...
compiling stm32f2xx_hal_flash_ex.c...
compiling stm32f2xx_hal_tim.c...
compiling stm32f2xx_hal_rtc.c...
compiling stm32f2xx_hal_pcd.c...
compiling stm32f2xx_hal_pwr_ex.c...
compiling stm32f2xx_hal_flash.c...
compiling stm32f2xx_hal_tim_ex.c...
compiling stm32f2xx_hal_dma.c...
compiling stm32f2xx_hal_pwr.c...
compiling stm32f2xx_hal.c...
compiling stm32f2xx_hal_cortex.c...
compiling stm32f2xx_hal_pcd_ex.c...
compiling stm32f2xx_ll_usb.c...
compiling stm32f2xx_hal_rng.c...
compiling stm32f2xx_hal_rcc.c...
compiling stm32f2xx_hal_gpio.c...
compiling stm32f2xx_hal_crc.c...
compiling usbd_core.c...
compiling usbd_ctlreq.c...
compiling usbd_customhid.c...
compiling usbd_ioreq.c...
compiling usbd_conf.c...
compiling usb_device.c...
compiling main.c...
compiling usbd_desc.c...
compiling usbd_custom_hid_if.c...
compiling stm32f2xx_it.c...
compiling stm32f2xx_hal_msp.c...
assembling startup_stm32f205xx.s...
compiling system_stm32f2xx.c...
linking...
Program Size: Code=13708 RO-data=436 RW-data=320 ZI-data=3712  
FromELF: creating hex file...
"USB_BAR\USB_BAR.axf" - 0 Error(s), 0 Warning(s).

<h2>Software Packages used:</h2>

Package Vendor: ARM
                http://www.keil.com/pack/ARM.CMSIS.4.3.0.pack
                ARM::CMSIS:CORE:4.1.0
                CMSIS (Cortex Microcontroller Software Interface Standard)
   * Component: CORE Version: 4.1.0

<h2>Collection of Component include folders:</h2>
  F:\zenya\exam\TEMP\NEW_CUBE\205\RNG\USB_BAR\MDK-ARM\RTE
  C:\Keil_v5\ARM\PACK\ARM\CMSIS\4.3.0\CMSIS\Include
  C:\Keil_v5\ARM\PACK\Keil\STM32F2xx_DFP\2.6.0\Drivers\CMSIS\Device\ST\STM32F2xx\Include

<h2>Collection of Component Files used:</h2>

   * Component: ARM::CMSIS:CORE:4.1.0
</pre>
</body>
</html>
